2025-08-04 10:43:04 [main] INFO  com.vss.app.ECommAdminApplication - Starting ECommAdminApplication v1.0 using Java 23.0.1 with PID 16320 (D:\Workspace\E-Commerce\E-comm-Admin-1.0.jar started by visha in D:\Workspace\E-Commerce)
2025-08-04 10:43:04 [main] INFO  com.vss.app.ECommAdminApplication - No active profile set, falling back to 1 default profile: "default"
2025-08-04 10:43:08 [main] INFO  o.s.d.r.c.RepositoryConfigurationDelegate - Bootstrapping Spring Data MongoDB repositories in DEFAULT mode.
2025-08-04 10:43:09 [main] INFO  o.s.d.r.c.RepositoryConfigurationDelegate - Finished Spring Data repository scanning in 500 ms. Found 11 MongoDB repository interfaces.
2025-08-04 10:43:13 [main] INFO  o.s.b.w.e.tomcat.TomcatWebServer - Tomcat initialized with port 8080 (http)
2025-08-04 10:43:13 [main] INFO  o.a.catalina.core.StandardService - Starting service [Tomcat]
2025-08-04 10:43:13 [main] INFO  o.a.catalina.core.StandardEngine - Starting Servlet engine: [Apache Tomcat/10.1.42]
2025-08-04 10:43:13 [main] INFO  o.a.c.c.C.[Tomcat].[localhost].[/] - Initializing Spring embedded WebApplicationContext
2025-08-04 10:43:13 [main] INFO  o.s.b.w.s.c.ServletWebServerApplicationContext - Root WebApplicationContext: initialization completed in 9235 ms
2025-08-04 10:43:14 [main] INFO  org.mongodb.driver.client - MongoClient with metadata {"driver": {"name": "mongo-java-driver|sync|spring-boot", "version": "5.5.1"}, "os": {"type": "Windows", "name": "Windows 11", "architecture": "amd64", "version": "10.0"}, "platform": "Java/Oracle Corporation/23.0.1+11-39"} created with settings MongoClientSettings{readPreference=primary, writeConcern=WriteConcern{w=null, wTimeout=null ms, journal=null}, retryWrites=true, retryReads=true, readConcern=ReadConcern{level=null}, credential=null, transportSettings=null, commandListeners=[], codecRegistry=ProvidersCodecRegistry{codecProviders=[ValueCodecProvider{}, BsonValueCodecProvider{}, DBRefCodecProvider{}, DBObjectCodecProvider{}, DocumentCodecProvider{}, CollectionCodecProvider{}, IterableCodecProvider{}, MapCodecProvider{}, GeoJsonCodecProvider{}, GridFSFileCodecProvider{}, Jsr310CodecProvider{}, JsonObjectCodecProvider{}, BsonCodecProvider{}, EnumCodecProvider{}, com.mongodb.client.model.mql.ExpressionCodecProvider@4b862408, com.mongodb.Jep395RecordCodecProvider@6ddee60f, com.mongodb.KotlinCodecProvider@6e829e50]}, loggerSettings=LoggerSettings{maxDocumentLength=1000}, clusterSettings={hosts=[localhost:27017], srvServiceName=mongodb, mode=SINGLE, requiredClusterType=UNKNOWN, requiredReplicaSetName='null', serverSelector='null', clusterListeners='[]', serverSelectionTimeout='30000 ms', localThreshold='15 ms'}, socketSettings=SocketSettings{connectTimeoutMS=10000, readTimeoutMS=0, receiveBufferSize=0, proxySettings=ProxySettings{host=null, port=null, username=null, password=null}}, heartbeatSocketSettings=SocketSettings{connectTimeoutMS=10000, readTimeoutMS=10000, receiveBufferSize=0, proxySettings=ProxySettings{host=null, port=null, username=null, password=null}}, connectionPoolSettings=ConnectionPoolSettings{maxSize=100, minSize=0, maxWaitTimeMS=120000, maxConnectionLifeTimeMS=0, maxConnectionIdleTimeMS=0, maintenanceInitialDelayMS=0, maintenanceFrequencyMS=60000, connectionPoolListeners=[], maxConnecting=2}, serverSettings=ServerSettings{heartbeatFrequencyMS=10000, minHeartbeatFrequencyMS=500, serverMonitoringMode=AUTO, serverListeners='[]', serverMonitorListeners='[]'}, sslSettings=SslSettings{enabled=false, invalidHostNameAllowed=false, context=null}, applicationName='null', compressorList=[], uuidRepresentation=JAVA_LEGACY, serverApi=null, autoEncryptionSettings=null, dnsClient=null, inetAddressResolver=null, contextProvider=null, timeoutMS=null}
2025-08-04 10:43:15 [cluster-ClusterId{value='6890416a8594644b1605c360', description='null'}-localhost:27017] INFO  org.mongodb.driver.cluster - Monitor thread successfully connected to server with description ServerDescription{address=localhost:27017, type=STANDALONE, cryptd=false, state=CONNECTED, ok=true, minWireVersion=0, maxWireVersion=25, maxDocumentSize=16777216, logicalSessionTimeoutMinutes=30, roundTripTimeNanos=78989800, minRoundTripTimeNanos=0}
2025-08-04 10:43:17 [main] INFO  c.v.app.service.AdminDetailsService - AdminDetailsService initialized with AdminRepository
2025-08-04 10:43:17 [main] INFO  c.v.a.s.JwtAuthenticationFilter - JwtAuthenticationFilter initialized with UserDetailsService
2025-08-04 10:43:17 [main] INFO  com.vss.app.config.SecurityConfig - SecurityConfig initialized with JwtAuthenticationEntryPoint and JwtAuthenticationFilter
2025-08-04 10:43:17 [main] INFO  com.vss.app.config.AppConfig - Initializing AuthenticationManager bean from AuthenticationConfiguration
2025-08-04 10:43:18 [main] INFO  com.vss.app.config.AppConfig - Initializing BCryptPasswordEncoder bean
2025-08-04 10:43:18 [main] INFO  o.s.s.c.a.a.c.InitializeUserDetailsBeanManagerConfigurer$InitializeUserDetailsManagerConfigurer - Global AuthenticationManager configured with UserDetailsService bean with name adminDetailsService
2025-08-04 10:43:18 [main] INFO  com.vss.app.service.AdminService - AdminService initialized with AuthenticationManager and AdminRepository
2025-08-04 10:43:18 [main] INFO  c.vss.app.controller.AdminController - AdminController initialized with UserDetailsService and AdminService
2025-08-04 10:43:19 [main] INFO  c.v.app.controller.VendorController - VendorController initialized
2025-08-04 10:43:19 [main] INFO  com.vss.app.config.SecurityConfig - Initializing security filter chain...
2025-08-04 10:43:19 [main] INFO  com.vss.app.config.SecurityConfig - CORS support enabled in Spring Security
2025-08-04 10:43:19 [main] INFO  com.vss.app.config.SecurityConfig - Setting security rules for HTTP requests
2025-08-04 10:43:19 [main] INFO  com.vss.app.config.WebConfig - Configuring CORS for path pattern '/api/**'
2025-08-04 10:43:19 [main] INFO  com.vss.app.config.WebConfig - CORS configuration applied: Origin=http://localhost:5173, Methods=[GET, POST, PUT, DELETE, OPTIONS]
2025-08-04 10:43:21 [main] INFO  com.vss.app.config.SecurityConfig - Registering authentication entry point for exception handling
2025-08-04 10:43:21 [main] INFO  com.vss.app.config.SecurityConfig - Configuring stateless session management
2025-08-04 10:43:21 [main] INFO  com.vss.app.config.SecurityConfig - JWT authentication filter registered
2025-08-04 10:43:21 [main] INFO  com.vss.app.config.SecurityConfig - Defining CORS configuration source...
2025-08-04 10:43:21 [main] INFO  com.vss.app.config.SecurityConfig - CORS allowed origins: [http://localhost, http://localhost:80]
2025-08-04 10:43:21 [main] INFO  com.vss.app.config.SecurityConfig - CORS allowed methods: [GET, POST, PUT, DELETE, OPTIONS, PATCH]
2025-08-04 10:43:21 [main] INFO  com.vss.app.config.SecurityConfig - CORS configuration applied to all endpoints
2025-08-04 10:43:23 [main] INFO  o.s.b.w.e.tomcat.TomcatWebServer - Tomcat started on port 8080 (http) with context path '/'
2025-08-04 10:43:23 [main] INFO  com.vss.app.ECommAdminApplication - Started ECommAdminApplication in 21.835 seconds (process running for 23.874)
2025-08-04 10:44:05 [http-nio-8080-exec-3] INFO  o.a.c.c.C.[Tomcat].[localhost].[/] - Initializing Spring DispatcherServlet 'dispatcherServlet'
2025-08-04 10:44:05 [http-nio-8080-exec-3] INFO  o.s.web.servlet.DispatcherServlet - Initializing Servlet 'dispatcherServlet'
2025-08-04 10:44:05 [http-nio-8080-exec-3] INFO  o.s.web.servlet.DispatcherServlet - Completed initialization in 0 ms
2025-08-04 10:44:05 [http-nio-8080-exec-2] INFO  c.v.a.s.JwtAuthenticationFilter - Authorization Header: null
2025-08-04 10:44:05 [http-nio-8080-exec-2] INFO  c.v.a.s.JwtAuthenticationFilter - Invalid Authorization header value or header missing
2025-08-04 10:44:05 [http-nio-8080-exec-2] WARN  c.v.a.s.JwtAuthenticationEntryPoint - Unauthorized access attempt: Full authentication is required to access this resource
2025-08-04 10:44:05 [http-nio-8080-exec-3] WARN  c.v.a.s.JwtAuthenticationEntryPoint - Unauthorized access attempt: Full authentication is required to access this resource
