
  .   ____          _            __ _ _
 /\\ / ___'_ __ _ _(_)_ __  __ _ \ \ \ \
( ( )\___ | '_ | '_| | '_ \/ _` | \ \ \ \
 \\/  ___)| |_)| | | | | || (_| |  ) ) ) )
  '  |____| .__|_| |_|_| |_\__, | / / / /
 =========|_|==============|___/=/_/_/_/

 :: Spring Boot ::                (v3.5.3)

2025-08-05T13:23:57.916+05:30  INFO 13904 --- [E-comm-Admin] [           main] com.vss.app.ECommAdminApplication        : Starting ECommAdminApplication v1.0 using Java 23.0.1 with PID 13904 (D:\Workspace\E-Commerce\E-comm-Admin-1.0.jar started by visha in D:\Workspace\E-Commerce)
2025-08-05T13:23:57.922+05:30  INFO 13904 --- [E-comm-Admin] [           main] com.vss.app.ECommAdminApplication        : No active profile set, falling back to 1 default profile: "default"
2025-08-05T13:23:58.745+05:30  INFO 13904 --- [E-comm-Admin] [           main] .s.d.r.c.RepositoryConfigurationDelegate : Bootstrapping Spring Data MongoDB repositories in DEFAULT mode.
2025-08-05T13:23:58.810+05:30  INFO 13904 --- [E-comm-Admin] [           main] .s.d.r.c.RepositoryConfigurationDelegate : Finished Spring Data repository scanning in 57 ms. Found 11 MongoDB repository interfaces.
2025-08-05T13:23:59.421+05:30  INFO 13904 --- [E-comm-Admin] [           main] o.s.b.w.embedded.tomcat.TomcatWebServer  : Tomcat initialized with port 8080 (http)
2025-08-05T13:23:59.434+05:30  INFO 13904 --- [E-comm-Admin] [           main] o.apache.catalina.core.StandardService   : Starting service [Tomcat]
2025-08-05T13:23:59.435+05:30  INFO 13904 --- [E-comm-Admin] [           main] o.apache.catalina.core.StandardEngine    : Starting Servlet engine: [Apache Tomcat/10.1.42]
2025-08-05T13:23:59.467+05:30  INFO 13904 --- [E-comm-Admin] [           main] o.a.c.c.C.[Tomcat].[localhost].[/]       : Initializing Spring embedded WebApplicationContext
2025-08-05T13:23:59.468+05:30  INFO 13904 --- [E-comm-Admin] [           main] w.s.c.ServletWebServerApplicationContext : Root WebApplicationContext: initialization completed in 1460 ms
2025-08-05T13:23:59.629+05:30  INFO 13904 --- [E-comm-Admin] [           main] org.mongodb.driver.client                : MongoClient with metadata {"driver": {"name": "mongo-java-driver|sync|spring-boot", "version": "5.5.1"}, "os": {"type": "Windows", "name": "Windows 11", "architecture": "amd64", "version": "10.0"}, "platform": "Java/Oracle Corporation/23.0.1+11-39"} created with settings MongoClientSettings{readPreference=primary, writeConcern=WriteConcern{w=null, wTimeout=null ms, journal=null}, retryWrites=true, retryReads=true, readConcern=ReadConcern{level=null}, credential=null, transportSettings=null, commandListeners=[], codecRegistry=ProvidersCodecRegistry{codecProviders=[ValueCodecProvider{}, BsonValueCodecProvider{}, DBRefCodecProvider{}, DBObjectCodecProvider{}, DocumentCodecProvider{}, CollectionCodecProvider{}, IterableCodecProvider{}, MapCodecProvider{}, GeoJsonCodecProvider{}, GridFSFileCodecProvider{}, Jsr310CodecProvider{}, JsonObjectCodecProvider{}, BsonCodecProvider{}, EnumCodecProvider{}, com.mongodb.client.model.mql.ExpressionCodecProvider@1536ea40, com.mongodb.Jep395RecordCodecProvider@36776c32, com.mongodb.KotlinCodecProvider@7792d851]}, loggerSettings=LoggerSettings{maxDocumentLength=1000}, clusterSettings={hosts=[localhost:27017], srvServiceName=mongodb, mode=SINGLE, requiredClusterType=UNKNOWN, requiredReplicaSetName='null', serverSelector='null', clusterListeners='[]', serverSelectionTimeout='30000 ms', localThreshold='15 ms'}, socketSettings=SocketSettings{connectTimeoutMS=10000, readTimeoutMS=0, receiveBufferSize=0, proxySettings=ProxySettings{host=null, port=null, username=null, password=null}}, heartbeatSocketSettings=SocketSettings{connectTimeoutMS=10000, readTimeoutMS=10000, receiveBufferSize=0, proxySettings=ProxySettings{host=null, port=null, username=null, password=null}}, connectionPoolSettings=ConnectionPoolSettings{maxSize=100, minSize=0, maxWaitTimeMS=120000, maxConnectionLifeTimeMS=0, maxConnectionIdleTimeMS=0, maintenanceInitialDelayMS=0, maintenanceFrequencyMS=60000, connectionPoolListeners=[], maxConnecting=2}, serverSettings=ServerSettings{heartbeatFrequencyMS=10000, minHeartbeatFrequencyMS=500, serverMonitoringMode=AUTO, serverListeners='[]', serverMonitorListeners='[]'}, sslSettings=SslSettings{enabled=false, invalidHostNameAllowed=false, context=null}, applicationName='null', compressorList=[], uuidRepresentation=JAVA_LEGACY, serverApi=null, autoEncryptionSettings=null, dnsClient=null, inetAddressResolver=null, contextProvider=null, timeoutMS=null}
2025-08-05T13:23:59.659+05:30  INFO 13904 --- [E-comm-Admin] [localhost:27017] org.mongodb.driver.cluster               : Monitor thread successfully connected to server with description ServerDescription{address=localhost:27017, type=STANDALONE, cryptd=false, state=CONNECTED, ok=true, minWireVersion=0, maxWireVersion=25, maxDocumentSize=16777216, logicalSessionTimeoutMinutes=30, roundTripTimeNanos=25580900, minRoundTripTimeNanos=0}
2025-08-05T13:24:00.089+05:30  INFO 13904 --- [E-comm-Admin] [           main] c.vss.app.service.AdminDetailsService    : AdminDetailsService initialized with AdminRepository
2025-08-05T13:24:00.092+05:30  INFO 13904 --- [E-comm-Admin] [           main] c.v.a.security.JwtAuthenticationFilter   : JwtAuthenticationFilter initialized with UserDetailsService
2025-08-05T13:24:00.160+05:30  INFO 13904 --- [E-comm-Admin] [           main] com.vss.app.config.SecurityConfig        : SecurityConfig initialized with JwtAuthenticationEntryPoint and JwtAuthenticationFilter
2025-08-05T13:24:00.180+05:30  INFO 13904 --- [E-comm-Admin] [           main] com.vss.app.config.AppConfig             : Initializing AuthenticationManager bean from AuthenticationConfiguration
2025-08-05T13:24:00.213+05:30  INFO 13904 --- [E-comm-Admin] [           main] com.vss.app.config.AppConfig             : Initializing BCryptPasswordEncoder bean
2025-08-05T13:24:00.224+05:30  INFO 13904 --- [E-comm-Admin] [           main] r$InitializeUserDetailsManagerConfigurer : Global AuthenticationManager configured with UserDetailsService bean with name adminDetailsService
2025-08-05T13:24:00.227+05:30  INFO 13904 --- [E-comm-Admin] [           main] com.vss.app.service.AdminService         : AdminService initialized with AuthenticationManager and AdminRepository
2025-08-05T13:24:00.229+05:30  INFO 13904 --- [E-comm-Admin] [           main] com.vss.app.controller.AdminController   : AdminController initialized with UserDetailsService and AdminService
2025-08-05T13:24:00.375+05:30  INFO 13904 --- [E-comm-Admin] [           main] c.vss.app.controller.VendorController    : VendorController initialized
2025-08-05T13:24:00.479+05:30  INFO 13904 --- [E-comm-Admin] [           main] com.vss.app.config.SecurityConfig        : Initializing security filter chain...
2025-08-05T13:24:00.481+05:30  INFO 13904 --- [E-comm-Admin] [           main] com.vss.app.config.SecurityConfig        : CORS support enabled in Spring Security
2025-08-05T13:24:00.492+05:30  INFO 13904 --- [E-comm-Admin] [           main] com.vss.app.config.SecurityConfig        : Setting security rules for HTTP requests
2025-08-05T13:24:00.520+05:30  INFO 13904 --- [E-comm-Admin] [           main] com.vss.app.config.WebConfig             : Configuring CORS for path pattern '/api/**'
2025-08-05T13:24:00.523+05:30  INFO 13904 --- [E-comm-Admin] [           main] com.vss.app.config.WebConfig             : CORS configuration applied: Origin=http://localhost:5173, Methods=[GET, POST, PUT, DELETE, OPTIONS]
2025-08-05T13:24:00.721+05:30  INFO 13904 --- [E-comm-Admin] [           main] com.vss.app.config.SecurityConfig        : Registering authentication entry point for exception handling
2025-08-05T13:24:00.722+05:30  INFO 13904 --- [E-comm-Admin] [           main] com.vss.app.config.SecurityConfig        : Configuring stateless session management
2025-08-05T13:24:00.723+05:30  INFO 13904 --- [E-comm-Admin] [           main] com.vss.app.config.SecurityConfig        : JWT authentication filter registered
2025-08-05T13:24:00.749+05:30  INFO 13904 --- [E-comm-Admin] [           main] com.vss.app.config.SecurityConfig        : Defining CORS configuration source...
2025-08-05T13:24:00.750+05:30  INFO 13904 --- [E-comm-Admin] [           main] com.vss.app.config.SecurityConfig        : CORS allowed origins: [http://localhost, http://localhost:80]
2025-08-05T13:24:00.753+05:30  INFO 13904 --- [E-comm-Admin] [           main] com.vss.app.config.SecurityConfig        : CORS allowed methods: [GET, POST, PUT, DELETE, OPTIONS, PATCH]
2025-08-05T13:24:00.753+05:30  INFO 13904 --- [E-comm-Admin] [           main] com.vss.app.config.SecurityConfig        : CORS configuration applied to all endpoints
2025-08-05T13:24:01.029+05:30  WARN 13904 --- [E-comm-Admin] [           main] ConfigServletWebServerApplicationContext : Exception encountered during context initialization - cancelling refresh attempt: org.springframework.context.ApplicationContextException: Failed to start bean 'webServerStartStop'
2025-08-05T13:24:01.056+05:30  INFO 13904 --- [E-comm-Admin] [           main] .s.b.a.l.ConditionEvaluationReportLogger : 

2025-08-05T13:25:14.496+05:30  INFO 17196 --- [E-comm-Admin] [nio-8080-exec-1] o.a.c.c.C.[Tomcat].[localhost].[/]       : Initializing Spring DispatcherServlet 'dispatcherServlet'
2025-08-05T13:25:14.497+05:30  INFO 17196 --- [E-comm-Admin] [nio-8080-exec-1] o.s.web.servlet.DispatcherServlet        : Initializing Servlet 'dispatcherServlet'
2025-08-05T13:25:14.498+05:30  INFO 17196 --- [E-comm-Admin] [nio-8080-exec-1] o.s.web.servlet.DispatcherServlet        : Completed initialization in 1 ms
2025-08-05T13:25:14.541+05:30  INFO 17196 --- [E-comm-Admin] [nio-8080-exec-2] c.v.a.security.JwtAuthenticationFilter   : Authorization Header: null
2025-08-05T13:25:14.542+05:30  INFO 17196 --- [E-comm-Admin] [nio-8080-exec-2] c.v.a.security.JwtAuthenticationFilter   : Invalid Authorization header value or header missing
2025-08-05T13:25:14.627+05:30  INFO 17196 --- [E-comm-Admin] [nio-8080-exec-2] com.vss.app.controller.AdminController   : Login attempt for email: admin@localhost.com
2025-08-05T13:25:14.627+05:30  INFO 17196 --- [E-comm-Admin] [nio-8080-exec-2] com.vss.app.service.AdminService         : Authenticating user with email: admin@localhost.com
2025-08-05T13:25:14.706+05:30  INFO 17196 --- [E-comm-Admin] [nio-8080-exec-2] c.vss.app.service.AdminDetailsService    : Loading user by email: admin@localhost.com
2025-08-05T13:25:14.709+05:30  WARN 17196 --- [E-comm-Admin] [nio-8080-exec-2] c.vss.app.service.AdminDetailsService    : User not found with email: admin@localhost.com
2025-08-05T13:25:14.770+05:30  WARN 17196 --- [E-comm-Admin] [nio-8080-exec-2] com.vss.app.service.AdminService         : Authentication failed for email: admin@localhost.com
2025-08-05T13:25:14.771+05:30  WARN 17196 --- [E-comm-Admin] [nio-8080-exec-2] com.vss.app.controller.AdminController   : Login failed - Invalid credentials for email: admin@localhost.com
2025-08-05T13:25:43.249+05:30  INFO 17196 --- [E-comm-Admin] [nio-8080-exec-5] c.v.a.security.JwtAuthenticationFilter   : Authorization Header: null
2025-08-05T13:25:43.251+05:30  INFO 17196 --- [E-comm-Admin] [nio-8080-exec-5] c.v.a.security.JwtAuthenticationFilter   : Invalid Authorization header value or header missing
2025-08-05T13:25:43.256+05:30  WARN 17196 --- [E-comm-Admin] [nio-8080-exec-5] c.v.a.s.JwtAuthenticationEntryPoint      : Unauthorized access attempt: Full authentication is required to access this resource
2025-08-05T13:25:54.881+05:30  INFO 17196 --- [E-comm-Admin] [io-8080-exec-10] c.v.a.security.JwtAuthenticationFilter   : Authorization Header: null
2025-08-05T13:25:54.882+05:30  INFO 17196 --- [E-comm-Admin] [io-8080-exec-10] c.v.a.security.JwtAuthenticationFilter   : Invalid Authorization header value or header missing
2025-08-05T13:25:54.884+05:30  INFO 17196 --- [E-comm-Admin] [io-8080-exec-10] com.vss.app.controller.AdminController   : Login attempt for email: admin@localhost.com
2025-08-05T13:25:54.884+05:30  INFO 17196 --- [E-comm-Admin] [io-8080-exec-10] com.vss.app.service.AdminService         : Authenticating user with email: admin@localhost.com
2025-08-05T13:25:54.885+05:30  INFO 17196 --- [E-comm-Admin] [io-8080-exec-10] c.vss.app.service.AdminDetailsService    : Loading user by email: admin@localhost.com
2025-08-05T13:25:54.888+05:30  WARN 17196 --- [E-comm-Admin] [io-8080-exec-10] c.vss.app.service.AdminDetailsService    : User not found with email: admin@localhost.com
2025-08-05T13:25:54.950+05:30  WARN 17196 --- [E-comm-Admin] [io-8080-exec-10] com.vss.app.service.AdminService         : Authentication failed for email: admin@localhost.com
2025-08-05T13:25:54.950+05:30  WARN 17196 --- [E-comm-Admin] [io-8080-exec-10] com.vss.app.controller.AdminController   : Login failed - Invalid credentials for email: admin@localhost.com
2025-08-05T15:03:25.703+05:30  INFO 17196 --- [E-comm-Admin] [nio-8080-exec-4] c.v.a.security.JwtAuthenticationFilter   : Authorization Header: null
2025-08-05T15:03:25.751+05:30  INFO 17196 --- [E-comm-Admin] [nio-8080-exec-4] c.v.a.security.JwtAuthenticationFilter   : Invalid Authorization header value or header missing
2025-08-05T15:03:25.875+05:30  INFO 17196 --- [E-comm-Admin] [nio-8080-exec-4] com.vss.app.controller.AdminController   : Login attempt for email: admin@gmail.com
2025-08-05T15:03:25.877+05:30  INFO 17196 --- [E-comm-Admin] [nio-8080-exec-4] com.vss.app.service.AdminService         : Authenticating user with email: admin@gmail.com
2025-08-05T15:03:25.880+05:30  INFO 17196 --- [E-comm-Admin] [nio-8080-exec-4] c.vss.app.service.AdminDetailsService    : Loading user by email: admin@gmail.com
