2025-08-05 13:00:24 [main] INFO  com.vss.app.ECommUserApplication - Starting ECommUserApplication v1.0 using Java 23.0.1 with PID 2496 (D:\Workspace\E-Commerce\E-comm-user-1.0.jar started by visha in D:\Workspace\E-Commerce)
2025-08-05 13:00:24 [main] INFO  com.vss.app.ECommUserApplication - No active profile set, falling back to 1 default profile: "default"
2025-08-05 13:00:26 [main] INFO  o.s.d.r.c.RepositoryConfigurationDelegate - Bootstrapping Spring Data MongoDB repositories in DEFAULT mode.
2025-08-05 13:00:26 [main] INFO  o.s.d.r.c.RepositoryConfigurationDelegate - Finished Spring Data repository scanning in 138 ms. Found 9 MongoDB repository interfaces.
2025-08-05 13:00:28 [main] INFO  o.s.b.w.e.tomcat.TomcatWebServer - Tomcat initialized with port 8083 (http)
2025-08-05 13:00:28 [main] INFO  o.a.catalina.core.StandardService - Starting service [Tomcat]
2025-08-05 13:00:28 [main] INFO  o.a.catalina.core.StandardEngine - Starting Servlet engine: [Apache Tomcat/10.1.42]
2025-08-05 13:00:28 [main] INFO  o.a.c.c.C.[Tomcat].[localhost].[/] - Initializing Spring embedded WebApplicationContext
2025-08-05 13:00:28 [main] INFO  o.s.b.w.s.c.ServletWebServerApplicationContext - Root WebApplicationContext: initialization completed in 4026 ms
2025-08-05 13:00:28 [main] INFO  org.mongodb.driver.client - MongoClient with metadata {"driver": {"name": "mongo-java-driver|sync|spring-boot", "version": "5.5.1"}, "os": {"type": "Windows", "name": "Windows 11", "architecture": "amd64", "version": "10.0"}, "platform": "Java/Oracle Corporation/23.0.1+11-39"} created with settings MongoClientSettings{readPreference=primary, writeConcern=WriteConcern{w=null, wTimeout=null ms, journal=null}, retryWrites=true, retryReads=true, readConcern=ReadConcern{level=null}, credential=null, transportSettings=null, commandListeners=[], codecRegistry=ProvidersCodecRegistry{codecProviders=[ValueCodecProvider{}, BsonValueCodecProvider{}, DBRefCodecProvider{}, DBObjectCodecProvider{}, DocumentCodecProvider{}, CollectionCodecProvider{}, IterableCodecProvider{}, MapCodecProvider{}, GeoJsonCodecProvider{}, GridFSFileCodecProvider{}, Jsr310CodecProvider{}, JsonObjectCodecProvider{}, BsonCodecProvider{}, EnumCodecProvider{}, com.mongodb.client.model.mql.ExpressionCodecProvider@1903b5d, com.mongodb.Jep395RecordCodecProvider@4041739c, com.mongodb.KotlinCodecProvider@5cff6b74]}, loggerSettings=LoggerSettings{maxDocumentLength=1000}, clusterSettings={hosts=[localhost:27017], srvServiceName=mongodb, mode=SINGLE, requiredClusterType=UNKNOWN, requiredReplicaSetName='null', serverSelector='null', clusterListeners='[]', serverSelectionTimeout='30000 ms', localThreshold='15 ms'}, socketSettings=SocketSettings{connectTimeoutMS=10000, readTimeoutMS=0, receiveBufferSize=0, proxySettings=ProxySettings{host=null, port=null, username=null, password=null}}, heartbeatSocketSettings=SocketSettings{connectTimeoutMS=10000, readTimeoutMS=10000, receiveBufferSize=0, proxySettings=ProxySettings{host=null, port=null, username=null, password=null}}, connectionPoolSettings=ConnectionPoolSettings{maxSize=100, minSize=0, maxWaitTimeMS=120000, maxConnectionLifeTimeMS=0, maxConnectionIdleTimeMS=0, maintenanceInitialDelayMS=0, maintenanceFrequencyMS=60000, connectionPoolListeners=[], maxConnecting=2}, serverSettings=ServerSettings{heartbeatFrequencyMS=10000, minHeartbeatFrequencyMS=500, serverMonitoringMode=AUTO, serverListeners='[]', serverMonitorListeners='[]'}, sslSettings=SslSettings{enabled=false, invalidHostNameAllowed=false, context=null}, applicationName='null', compressorList=[], uuidRepresentation=JAVA_LEGACY, serverApi=null, autoEncryptionSettings=null, dnsClient=null, inetAddressResolver=null, contextProvider=null, timeoutMS=null}
2025-08-05 13:00:28 [cluster-ClusterId{value='6891b3140b39799e5c557294', description='null'}-localhost:27017] INFO  org.mongodb.driver.cluster - Monitor thread successfully connected to server with description ServerDescription{address=localhost:27017, type=STANDALONE, cryptd=false, state=CONNECTED, ok=true, minWireVersion=0, maxWireVersion=25, maxDocumentSize=16777216, logicalSessionTimeoutMinutes=30, roundTripTimeNanos=41591400, minRoundTripTimeNanos=0}
2025-08-05 13:00:30 [main] INFO  com.vss.app.Service.EmailService - Email service created !
2025-08-05 13:00:30 [main] INFO  com.vss.app.Service.ProductService - ProductService initialized with ProductRepository
2025-08-05 13:00:30 [main] INFO  com.vss.app.config.AppConfig - Initializing BCryptPasswordEncoder bean
2025-08-05 13:00:30 [main] INFO  com.vss.app.Service.UserService - User service created !
2025-08-05 13:00:30 [main] INFO  com.vss.app.config.SecurityConfig - SecurityConfig initialized
2025-08-05 13:00:30 [main] INFO  com.vss.app.Service.EmailService - Random method called
2025-08-05 13:00:30 [main] INFO  com.vss.app.config.AppConfig - Initializing AuthenticationManager bean from AuthenticationConfiguration
2025-08-05 13:00:30 [main] INFO  o.s.s.c.a.a.c.InitializeUserDetailsBeanManagerConfigurer$InitializeUserDetailsManagerConfigurer - Global AuthenticationManager configured with UserDetailsService bean with name customeUserDetailsService
2025-08-05 13:00:30 [main] INFO  c.vss.app.controller.UserController - UserController created!
2025-08-05 13:00:30 [main] INFO  com.vss.app.config.SecurityConfig - Initializing security filter chain...
2025-08-05 13:00:30 [main] INFO  com.vss.app.config.SecurityConfig - CORS support enabled in Spring Security
2025-08-05 13:00:30 [main] INFO  com.vss.app.config.SecurityConfig - Setting security rules for HTTP requests
2025-08-05 13:00:30 [main] INFO  com.vss.app.config.WebConfig - Configuring CORS for path pattern '/api/**'
2025-08-05 13:00:30 [main] INFO  com.vss.app.config.WebConfig - CORS configuration applied: Origin=http://localhost:80, Methods=[GET, POST, PUT, DELETE, OPTIONS]
2025-08-05 13:00:31 [main] INFO  com.vss.app.config.SecurityConfig - Registering authentication entry point for exception handling
2025-08-05 13:00:31 [main] INFO  com.vss.app.config.SecurityConfig - Configuring stateless session management
2025-08-05 13:00:31 [main] INFO  com.vss.app.config.SecurityConfig - JWT authentication filter registered
2025-08-05 13:00:31 [main] INFO  com.vss.app.config.SecurityConfig - Defining CORS configuration source...
2025-08-05 13:00:31 [main] INFO  com.vss.app.config.SecurityConfig - CORS allowed origins: [http://localhost:80, http://localhost]
2025-08-05 13:00:31 [main] INFO  com.vss.app.config.SecurityConfig - CORS allowed methods: [GET, POST, PUT, DELETE, OPTIONS, PATCH]
2025-08-05 13:00:31 [main] INFO  com.vss.app.config.SecurityConfig - CORS configuration applied to all endpoints
2025-08-05 13:00:31 [main] INFO  o.s.v.b.OptionalValidatorFactoryBean - Failed to set up a Bean Validation provider: jakarta.validation.NoProviderFoundException: Unable to create a Configuration, because no Jakarta Bean Validation provider could be found. Add a provider like Hibernate Validator (RI) to your classpath.
2025-08-05 13:00:32 [main] INFO  o.s.b.w.e.tomcat.TomcatWebServer - Tomcat started on port 8083 (http) with context path '/'
2025-08-05 13:00:32 [main] INFO  com.vss.app.ECommUserApplication - Started ECommUserApplication in 9.654 seconds (process running for 10.968)
2025-08-05 13:02:24 [main] INFO  com.vss.app.ECommUserApplication - Starting ECommUserApplication v1.0 using Java 23.0.1 with PID 2760 (D:\Workspace\E-Commerce\E-comm-user-1.0.jar started by visha in D:\Workspace\E-Commerce)
2025-08-05 13:02:24 [main] INFO  com.vss.app.ECommUserApplication - No active profile set, falling back to 1 default profile: "default"
2025-08-05 13:02:28 [main] INFO  o.s.d.r.c.RepositoryConfigurationDelegate - Bootstrapping Spring Data MongoDB repositories in DEFAULT mode.
2025-08-05 13:02:28 [main] INFO  o.s.d.r.c.RepositoryConfigurationDelegate - Finished Spring Data repository scanning in 304 ms. Found 9 MongoDB repository interfaces.
2025-08-05 13:02:32 [main] INFO  o.s.b.w.e.tomcat.TomcatWebServer - Tomcat initialized with port 8083 (http)
2025-08-05 13:02:32 [main] INFO  o.a.catalina.core.StandardService - Starting service [Tomcat]
2025-08-05 13:02:32 [main] INFO  o.a.catalina.core.StandardEngine - Starting Servlet engine: [Apache Tomcat/10.1.42]
2025-08-05 13:02:32 [main] INFO  o.a.c.c.C.[Tomcat].[localhost].[/] - Initializing Spring embedded WebApplicationContext
2025-08-05 13:02:32 [main] INFO  o.s.b.w.s.c.ServletWebServerApplicationContext - Root WebApplicationContext: initialization completed in 8242 ms
2025-08-05 13:02:33 [main] INFO  org.mongodb.driver.client - MongoClient with metadata {"driver": {"name": "mongo-java-driver|sync|spring-boot", "version": "5.5.1"}, "os": {"type": "Windows", "name": "Windows 11", "architecture": "amd64", "version": "10.0"}, "platform": "Java/Oracle Corporation/23.0.1+11-39"} created with settings MongoClientSettings{readPreference=primary, writeConcern=WriteConcern{w=null, wTimeout=null ms, journal=null}, retryWrites=true, retryReads=true, readConcern=ReadConcern{level=null}, credential=null, transportSettings=null, commandListeners=[], codecRegistry=ProvidersCodecRegistry{codecProviders=[ValueCodecProvider{}, BsonValueCodecProvider{}, DBRefCodecProvider{}, DBObjectCodecProvider{}, DocumentCodecProvider{}, CollectionCodecProvider{}, IterableCodecProvider{}, MapCodecProvider{}, GeoJsonCodecProvider{}, GridFSFileCodecProvider{}, Jsr310CodecProvider{}, JsonObjectCodecProvider{}, BsonCodecProvider{}, EnumCodecProvider{}, com.mongodb.client.model.mql.ExpressionCodecProvider@654e6a90, com.mongodb.Jep395RecordCodecProvider@14168e1, com.mongodb.KotlinCodecProvider@16a5c7e4]}, loggerSettings=LoggerSettings{maxDocumentLength=1000}, clusterSettings={hosts=[localhost:27017], srvServiceName=mongodb, mode=SINGLE, requiredClusterType=UNKNOWN, requiredReplicaSetName='null', serverSelector='null', clusterListeners='[]', serverSelectionTimeout='30000 ms', localThreshold='15 ms'}, socketSettings=SocketSettings{connectTimeoutMS=10000, readTimeoutMS=0, receiveBufferSize=0, proxySettings=ProxySettings{host=null, port=null, username=null, password=null}}, heartbeatSocketSettings=SocketSettings{connectTimeoutMS=10000, readTimeoutMS=10000, receiveBufferSize=0, proxySettings=ProxySettings{host=null, port=null, username=null, password=null}}, connectionPoolSettings=ConnectionPoolSettings{maxSize=100, minSize=0, maxWaitTimeMS=120000, maxConnectionLifeTimeMS=0, maxConnectionIdleTimeMS=0, maintenanceInitialDelayMS=0, maintenanceFrequencyMS=60000, connectionPoolListeners=[], maxConnecting=2}, serverSettings=ServerSettings{heartbeatFrequencyMS=10000, minHeartbeatFrequencyMS=500, serverMonitoringMode=AUTO, serverListeners='[]', serverMonitorListeners='[]'}, sslSettings=SslSettings{enabled=false, invalidHostNameAllowed=false, context=null}, applicationName='null', compressorList=[], uuidRepresentation=JAVA_LEGACY, serverApi=null, autoEncryptionSettings=null, dnsClient=null, inetAddressResolver=null, contextProvider=null, timeoutMS=null}
2025-08-05 13:02:34 [cluster-ClusterId{value='6891b39168418cad2537492a', description='null'}-localhost:27017] INFO  org.mongodb.driver.cluster - Monitor thread successfully connected to server with description ServerDescription{address=localhost:27017, type=STANDALONE, cryptd=false, state=CONNECTED, ok=true, minWireVersion=0, maxWireVersion=25, maxDocumentSize=16777216, logicalSessionTimeoutMinutes=30, roundTripTimeNanos=124054700, minRoundTripTimeNanos=0}
2025-08-05 13:02:38 [main] INFO  com.vss.app.Service.EmailService - Email service created !
2025-08-05 13:02:39 [main] INFO  com.vss.app.Service.ProductService - ProductService initialized with ProductRepository
2025-08-05 13:02:39 [main] INFO  com.vss.app.config.AppConfig - Initializing BCryptPasswordEncoder bean
2025-08-05 13:02:39 [main] INFO  com.vss.app.Service.UserService - User service created !
2025-08-05 13:02:39 [main] INFO  com.vss.app.config.SecurityConfig - SecurityConfig initialized
2025-08-05 13:02:39 [main] INFO  com.vss.app.Service.EmailService - Random method called
2025-08-05 13:02:39 [main] INFO  com.vss.app.config.AppConfig - Initializing AuthenticationManager bean from AuthenticationConfiguration
2025-08-05 13:02:39 [main] INFO  o.s.s.c.a.a.c.InitializeUserDetailsBeanManagerConfigurer$InitializeUserDetailsManagerConfigurer - Global AuthenticationManager configured with UserDetailsService bean with name customeUserDetailsService
2025-08-05 13:02:39 [main] INFO  c.vss.app.controller.UserController - UserController created!
2025-08-05 13:02:39 [main] INFO  com.vss.app.config.SecurityConfig - Initializing security filter chain...
2025-08-05 13:02:40 [main] INFO  com.vss.app.config.SecurityConfig - CORS support enabled in Spring Security
2025-08-05 13:02:40 [main] INFO  com.vss.app.config.SecurityConfig - Setting security rules for HTTP requests
2025-08-05 13:02:40 [main] INFO  com.vss.app.config.WebConfig - Configuring CORS for path pattern '/api/**'
2025-08-05 13:02:40 [main] INFO  com.vss.app.config.WebConfig - CORS configuration applied: Origin=http://localhost:80, Methods=[GET, POST, PUT, DELETE, OPTIONS]
2025-08-05 13:02:41 [main] INFO  com.vss.app.config.SecurityConfig - Registering authentication entry point for exception handling
2025-08-05 13:02:41 [main] INFO  com.vss.app.config.SecurityConfig - Configuring stateless session management
2025-08-05 13:02:41 [main] INFO  com.vss.app.config.SecurityConfig - JWT authentication filter registered
2025-08-05 13:02:41 [main] INFO  com.vss.app.config.SecurityConfig - Defining CORS configuration source...
2025-08-05 13:02:41 [main] INFO  com.vss.app.config.SecurityConfig - CORS allowed origins: [http://localhost:80, http://localhost]
2025-08-05 13:02:41 [main] INFO  com.vss.app.config.SecurityConfig - CORS allowed methods: [GET, POST, PUT, DELETE, OPTIONS, PATCH]
2025-08-05 13:02:41 [main] INFO  com.vss.app.config.SecurityConfig - CORS configuration applied to all endpoints
2025-08-05 13:02:41 [main] INFO  o.s.v.b.OptionalValidatorFactoryBean - Failed to set up a Bean Validation provider: jakarta.validation.NoProviderFoundException: Unable to create a Configuration, because no Jakarta Bean Validation provider could be found. Add a provider like Hibernate Validator (RI) to your classpath.
2025-08-05 13:02:42 [main] WARN  o.s.b.w.s.c.AnnotationConfigServletWebServerApplicationContext - Exception encountered during context initialization - cancelling refresh attempt: org.springframework.context.ApplicationContextException: Failed to start bean 'webServerStartStop'
2025-08-05 13:02:42 [main] INFO  o.s.b.a.l.ConditionEvaluationReportLogger - 

Error starting ApplicationContext. To display the condition evaluation report re-run your application with 'debug' enabled.
2025-08-05 13:02:42 [main] ERROR o.s.b.d.LoggingFailureAnalysisReporter - 

***************************
APPLICATION FAILED TO START
***************************

Description:

Web server failed to start. Port 8083 was already in use.

Action:

Identify and stop the process that's listening on port 8083 or configure this application to listen on another port.

2025-08-05 13:04:17 [http-nio-8083-exec-3] INFO  o.a.c.c.C.[Tomcat].[localhost].[/] - Initializing Spring DispatcherServlet 'dispatcherServlet'
2025-08-05 13:04:17 [http-nio-8083-exec-3] INFO  o.s.web.servlet.DispatcherServlet - Initializing Servlet 'dispatcherServlet'
2025-08-05 13:04:17 [http-nio-8083-exec-3] INFO  o.s.web.servlet.DispatcherServlet - Completed initialization in 3 ms
2025-08-05 13:04:17 [http-nio-8083-exec-8] INFO  c.v.a.s.JwtAuthenticationFilter - Authorization Header: null
2025-08-05 13:04:17 [http-nio-8083-exec-4] INFO  c.v.a.s.JwtAuthenticationFilter - Authorization Header: null
2025-08-05 13:04:17 [http-nio-8083-exec-7] INFO  c.v.a.s.JwtAuthenticationFilter - Authorization Header: null
2025-08-05 13:04:17 [http-nio-8083-exec-3] INFO  c.v.a.s.JwtAuthenticationFilter - Authorization Header: null
2025-08-05 13:04:17 [http-nio-8083-exec-8] INFO  c.v.a.s.JwtAuthenticationFilter - Invalid Authorization header value or header missing
2025-08-05 13:04:17 [http-nio-8083-exec-3] INFO  c.v.a.s.JwtAuthenticationFilter - Invalid Authorization header value or header missing
2025-08-05 13:04:17 [http-nio-8083-exec-4] INFO  c.v.a.s.JwtAuthenticationFilter - Invalid Authorization header value or header missing
2025-08-05 13:04:17 [http-nio-8083-exec-7] INFO  c.v.a.s.JwtAuthenticationFilter - Invalid Authorization header value or header missing
2025-08-05 13:04:17 [http-nio-8083-exec-1] INFO  c.v.a.s.JwtAuthenticationFilter - Authorization Header: null
2025-08-05 13:04:17 [http-nio-8083-exec-1] INFO  c.v.a.s.JwtAuthenticationFilter - Invalid Authorization header value or header missing
2025-08-05 13:04:17 [http-nio-8083-exec-2] INFO  c.v.app.controller.ProductController - Received request to get all products
2025-08-05 13:04:17 [http-nio-8083-exec-2] INFO  com.vss.app.Service.ProductService - Fetching all products from the database
2025-08-05 13:04:17 [http-nio-8083-exec-1] INFO  com.vss.app.Service.CategoryService - Fetching all categories
2025-08-05 13:04:17 [http-nio-8083-exec-2] INFO  com.vss.app.Service.ProductService - Fetched 2 products
2025-08-05 13:04:17 [http-nio-8083-exec-2] INFO  c.v.app.controller.ProductController - Returning 2 products
2025-08-05 13:04:17 [http-nio-8083-exec-5] INFO  c.v.a.s.JwtAuthenticationFilter - Authorization Header: null
2025-08-05 13:04:17 [http-nio-8083-exec-5] INFO  c.v.a.s.JwtAuthenticationFilter - Invalid Authorization header value or header missing
2025-08-05 13:04:17 [http-nio-8083-exec-5] INFO  com.vss.app.Service.CategoryService - Fetching all categories
2025-08-05 13:04:17 [http-nio-8083-exec-6] INFO  c.v.a.s.JwtAuthenticationFilter - Authorization Header: null
2025-08-05 13:04:17 [http-nio-8083-exec-6] INFO  c.v.a.s.JwtAuthenticationFilter - Invalid Authorization header value or header missing
2025-08-05 13:04:17 [http-nio-8083-exec-6] INFO  com.vss.app.Service.CategoryService - Fetching all categories
2025-08-05 13:04:17 [http-nio-8083-exec-9] INFO  c.v.a.s.JwtAuthenticationFilter - Authorization Header: null
2025-08-05 13:04:17 [http-nio-8083-exec-9] INFO  c.v.a.s.JwtAuthenticationFilter - Invalid Authorization header value or header missing
2025-08-05 13:04:17 [http-nio-8083-exec-10] WARN  c.v.a.s.JwtAuthenticationEntryPoint - Unauthorized access attempt: Full authentication is required to access this resource
2025-08-05 13:20:43 [main] INFO  com.vss.app.ECommUserApplication - Starting ECommUserApplication v1.0 using Java 23.0.1 with PID 13048 (D:\Workspace\E-Commerce\E-comm-user-1.0.jar started by visha in D:\Workspace\E-Commerce)
2025-08-05 13:20:43 [main] INFO  com.vss.app.ECommUserApplication - No active profile set, falling back to 1 default profile: "default"
2025-08-05 13:20:49 [main] INFO  o.s.d.r.c.RepositoryConfigurationDelegate - Bootstrapping Spring Data MongoDB repositories in DEFAULT mode.
2025-08-05 13:20:50 [main] INFO  o.s.d.r.c.RepositoryConfigurationDelegate - Finished Spring Data repository scanning in 599 ms. Found 9 MongoDB repository interfaces.
2025-08-05 13:20:52 [main] INFO  o.s.b.w.e.tomcat.TomcatWebServer - Tomcat initialized with port 8083 (http)
2025-08-05 13:20:52 [main] INFO  o.a.catalina.core.StandardService - Starting service [Tomcat]
2025-08-05 13:20:52 [main] INFO  o.a.catalina.core.StandardEngine - Starting Servlet engine: [Apache Tomcat/10.1.42]
2025-08-05 13:20:52 [main] INFO  o.a.c.c.C.[Tomcat].[localhost].[/] - Initializing Spring embedded WebApplicationContext
2025-08-05 13:20:52 [main] INFO  o.s.b.w.s.c.ServletWebServerApplicationContext - Root WebApplicationContext: initialization completed in 9120 ms
2025-08-05 13:20:54 [cluster-ClusterId{value='6891b7ddf0583fba4265fe77', description='null'}-localhost:27017] INFO  org.mongodb.driver.cluster - Monitor thread successfully connected to server with description ServerDescription{address=localhost:27017, type=STANDALONE, cryptd=false, state=CONNECTED, ok=true, minWireVersion=0, maxWireVersion=25, maxDocumentSize=16777216, logicalSessionTimeoutMinutes=30, roundTripTimeNanos=109700800, minRoundTripTimeNanos=0}
2025-08-05 13:20:54 [main] INFO  org.mongodb.driver.client - MongoClient with metadata {"driver": {"name": "mongo-java-driver|sync|spring-boot", "version": "5.5.1"}, "os": {"type": "Windows", "name": "Windows 11", "architecture": "amd64", "version": "10.0"}, "platform": "Java/Oracle Corporation/23.0.1+11-39"} created with settings MongoClientSettings{readPreference=primary, writeConcern=WriteConcern{w=null, wTimeout=null ms, journal=null}, retryWrites=true, retryReads=true, readConcern=ReadConcern{level=null}, credential=null, transportSettings=null, commandListeners=[], codecRegistry=ProvidersCodecRegistry{codecProviders=[ValueCodecProvider{}, BsonValueCodecProvider{}, DBRefCodecProvider{}, DBObjectCodecProvider{}, DocumentCodecProvider{}, CollectionCodecProvider{}, IterableCodecProvider{}, MapCodecProvider{}, GeoJsonCodecProvider{}, GridFSFileCodecProvider{}, Jsr310CodecProvider{}, JsonObjectCodecProvider{}, BsonCodecProvider{}, EnumCodecProvider{}, com.mongodb.client.model.mql.ExpressionCodecProvider@373e6b9d, com.mongodb.Jep395RecordCodecProvider@65629ac6, com.mongodb.KotlinCodecProvider@56b8aaf1]}, loggerSettings=LoggerSettings{maxDocumentLength=1000}, clusterSettings={hosts=[localhost:27017], srvServiceName=mongodb, mode=SINGLE, requiredClusterType=UNKNOWN, requiredReplicaSetName='null', serverSelector='null', clusterListeners='[]', serverSelectionTimeout='30000 ms', localThreshold='15 ms'}, socketSettings=SocketSettings{connectTimeoutMS=10000, readTimeoutMS=0, receiveBufferSize=0, proxySettings=ProxySettings{host=null, port=null, username=null, password=null}}, heartbeatSocketSettings=SocketSettings{connectTimeoutMS=10000, readTimeoutMS=10000, receiveBufferSize=0, proxySettings=ProxySettings{host=null, port=null, username=null, password=null}}, connectionPoolSettings=ConnectionPoolSettings{maxSize=100, minSize=0, maxWaitTimeMS=120000, maxConnectionLifeTimeMS=0, maxConnectionIdleTimeMS=0, maintenanceInitialDelayMS=0, maintenanceFrequencyMS=60000, connectionPoolListeners=[], maxConnecting=2}, serverSettings=ServerSettings{heartbeatFrequencyMS=10000, minHeartbeatFrequencyMS=500, serverMonitoringMode=AUTO, serverListeners='[]', serverMonitorListeners='[]'}, sslSettings=SslSettings{enabled=false, invalidHostNameAllowed=false, context=null}, applicationName='null', compressorList=[], uuidRepresentation=JAVA_LEGACY, serverApi=null, autoEncryptionSettings=null, dnsClient=null, inetAddressResolver=null, contextProvider=null, timeoutMS=null}
2025-08-05 13:21:00 [main] INFO  com.vss.app.Service.EmailService - Email service created !
2025-08-05 13:21:00 [main] INFO  com.vss.app.Service.ProductService - ProductService initialized with ProductRepository
2025-08-05 13:21:00 [main] INFO  com.vss.app.config.AppConfig - Initializing BCryptPasswordEncoder bean
2025-08-05 13:21:00 [main] INFO  com.vss.app.Service.UserService - User service created !
2025-08-05 13:21:00 [main] INFO  com.vss.app.config.SecurityConfig - SecurityConfig initialized
2025-08-05 13:21:01 [main] INFO  com.vss.app.Service.EmailService - Random method called
2025-08-05 13:21:01 [main] INFO  com.vss.app.config.AppConfig - Initializing AuthenticationManager bean from AuthenticationConfiguration
2025-08-05 13:21:01 [main] INFO  o.s.s.c.a.a.c.InitializeUserDetailsBeanManagerConfigurer$InitializeUserDetailsManagerConfigurer - Global AuthenticationManager configured with UserDetailsService bean with name customeUserDetailsService
2025-08-05 13:21:01 [main] INFO  c.vss.app.controller.UserController - UserController created!
2025-08-05 13:21:02 [main] INFO  com.vss.app.config.SecurityConfig - Initializing security filter chain...
2025-08-05 13:21:02 [main] INFO  com.vss.app.config.SecurityConfig - CORS support enabled in Spring Security
2025-08-05 13:21:02 [main] INFO  com.vss.app.config.SecurityConfig - Setting security rules for HTTP requests
2025-08-05 13:21:02 [main] INFO  com.vss.app.config.WebConfig - Configuring CORS for path pattern '/api/**'
2025-08-05 13:21:02 [main] INFO  com.vss.app.config.WebConfig - CORS configuration applied: Origin=http://localhost:80, Methods=[GET, POST, PUT, DELETE, OPTIONS]
2025-08-05 13:21:03 [main] INFO  com.vss.app.config.SecurityConfig - Registering authentication entry point for exception handling
2025-08-05 13:21:03 [main] INFO  com.vss.app.config.SecurityConfig - Configuring stateless session management
2025-08-05 13:21:03 [main] INFO  com.vss.app.config.SecurityConfig - JWT authentication filter registered
2025-08-05 13:21:03 [main] INFO  com.vss.app.config.SecurityConfig - Defining CORS configuration source...
2025-08-05 13:21:03 [main] INFO  com.vss.app.config.SecurityConfig - CORS allowed origins: [http://localhost:80, http://localhost]
2025-08-05 13:21:03 [main] INFO  com.vss.app.config.SecurityConfig - CORS allowed methods: [GET, POST, PUT, DELETE, OPTIONS, PATCH]
2025-08-05 13:21:03 [main] INFO  com.vss.app.config.SecurityConfig - CORS configuration applied to all endpoints
2025-08-05 13:21:03 [main] INFO  o.s.v.b.OptionalValidatorFactoryBean - Failed to set up a Bean Validation provider: jakarta.validation.NoProviderFoundException: Unable to create a Configuration, because no Jakarta Bean Validation provider could be found. Add a provider like Hibernate Validator (RI) to your classpath.
2025-08-05 13:21:04 [main] WARN  o.s.b.w.s.c.AnnotationConfigServletWebServerApplicationContext - Exception encountered during context initialization - cancelling refresh attempt: org.springframework.context.ApplicationContextException: Failed to start bean 'webServerStartStop'
2025-08-05 13:21:04 [main] INFO  o.s.b.a.l.ConditionEvaluationReportLogger - 

Error starting ApplicationContext. To display the condition evaluation report re-run your application with 'debug' enabled.
2025-08-05 13:21:05 [main] ERROR o.s.b.d.LoggingFailureAnalysisReporter - 

***************************
APPLICATION FAILED TO START
***************************

Description:

Web server failed to start. Port 8083 was already in use.

Action:

Identify and stop the process that's listening on port 8083 or configure this application to listen on another port.

2025-08-05 13:24:07 [main] INFO  com.vss.app.ECommUserApplication - Starting ECommUserApplication v1.0 using Java 23.0.1 with PID 7464 (D:\Workspace\E-Commerce\E-comm-user-1.0.jar started by visha in D:\Workspace\E-Commerce)
2025-08-05 13:24:07 [main] INFO  com.vss.app.ECommUserApplication - No active profile set, falling back to 1 default profile: "default"
2025-08-05 13:24:08 [main] INFO  o.s.d.r.c.RepositoryConfigurationDelegate - Bootstrapping Spring Data MongoDB repositories in DEFAULT mode.
2025-08-05 13:24:08 [main] INFO  o.s.d.r.c.RepositoryConfigurationDelegate - Finished Spring Data repository scanning in 58 ms. Found 9 MongoDB repository interfaces.
2025-08-05 13:24:09 [main] INFO  o.s.b.w.e.tomcat.TomcatWebServer - Tomcat initialized with port 8083 (http)
2025-08-05 13:24:09 [main] INFO  o.a.catalina.core.StandardService - Starting service [Tomcat]
2025-08-05 13:24:09 [main] INFO  o.a.catalina.core.StandardEngine - Starting Servlet engine: [Apache Tomcat/10.1.42]
2025-08-05 13:24:09 [main] INFO  o.a.c.c.C.[Tomcat].[localhost].[/] - Initializing Spring embedded WebApplicationContext
2025-08-05 13:24:09 [main] INFO  o.s.b.w.s.c.ServletWebServerApplicationContext - Root WebApplicationContext: initialization completed in 1459 ms
2025-08-05 13:24:09 [main] INFO  org.mongodb.driver.client - MongoClient with metadata {"driver": {"name": "mongo-java-driver|sync|spring-boot", "version": "5.5.1"}, "os": {"type": "Windows", "name": "Windows 11", "architecture": "amd64", "version": "10.0"}, "platform": "Java/Oracle Corporation/23.0.1+11-39"} created with settings MongoClientSettings{readPreference=primary, writeConcern=WriteConcern{w=null, wTimeout=null ms, journal=null}, retryWrites=true, retryReads=true, readConcern=ReadConcern{level=null}, credential=null, transportSettings=null, commandListeners=[], codecRegistry=ProvidersCodecRegistry{codecProviders=[ValueCodecProvider{}, BsonValueCodecProvider{}, DBRefCodecProvider{}, DBObjectCodecProvider{}, DocumentCodecProvider{}, CollectionCodecProvider{}, IterableCodecProvider{}, MapCodecProvider{}, GeoJsonCodecProvider{}, GridFSFileCodecProvider{}, Jsr310CodecProvider{}, JsonObjectCodecProvider{}, BsonCodecProvider{}, EnumCodecProvider{}, com.mongodb.client.model.mql.ExpressionCodecProvider@3e39baf0, com.mongodb.Jep395RecordCodecProvider@83bb0f, com.mongodb.KotlinCodecProvider@25a94b55]}, loggerSettings=LoggerSettings{maxDocumentLength=1000}, clusterSettings={hosts=[localhost:27017], srvServiceName=mongodb, mode=SINGLE, requiredClusterType=UNKNOWN, requiredReplicaSetName='null', serverSelector='null', clusterListeners='[]', serverSelectionTimeout='30000 ms', localThreshold='15 ms'}, socketSettings=SocketSettings{connectTimeoutMS=10000, readTimeoutMS=0, receiveBufferSize=0, proxySettings=ProxySettings{host=null, port=null, username=null, password=null}}, heartbeatSocketSettings=SocketSettings{connectTimeoutMS=10000, readTimeoutMS=10000, receiveBufferSize=0, proxySettings=ProxySettings{host=null, port=null, username=null, password=null}}, connectionPoolSettings=ConnectionPoolSettings{maxSize=100, minSize=0, maxWaitTimeMS=120000, maxConnectionLifeTimeMS=0, maxConnectionIdleTimeMS=0, maintenanceInitialDelayMS=0, maintenanceFrequencyMS=60000, connectionPoolListeners=[], maxConnecting=2}, serverSettings=ServerSettings{heartbeatFrequencyMS=10000, minHeartbeatFrequencyMS=500, serverMonitoringMode=AUTO, serverListeners='[]', serverMonitorListeners='[]'}, sslSettings=SslSettings{enabled=false, invalidHostNameAllowed=false, context=null}, applicationName='null', compressorList=[], uuidRepresentation=JAVA_LEGACY, serverApi=null, autoEncryptionSettings=null, dnsClient=null, inetAddressResolver=null, contextProvider=null, timeoutMS=null}
2025-08-05 13:24:09 [cluster-ClusterId{value='6891b8a1c6e1f3d8ea1fe90d', description='null'}-localhost:27017] INFO  org.mongodb.driver.cluster - Monitor thread successfully connected to server with description ServerDescription{address=localhost:27017, type=STANDALONE, cryptd=false, state=CONNECTED, ok=true, minWireVersion=0, maxWireVersion=25, maxDocumentSize=16777216, logicalSessionTimeoutMinutes=30, roundTripTimeNanos=25761200, minRoundTripTimeNanos=0}
2025-08-05 13:24:10 [main] INFO  com.vss.app.Service.EmailService - Email service created !
2025-08-05 13:24:10 [main] INFO  com.vss.app.Service.ProductService - ProductService initialized with ProductRepository
2025-08-05 13:24:10 [main] INFO  com.vss.app.config.AppConfig - Initializing BCryptPasswordEncoder bean
2025-08-05 13:24:10 [main] INFO  com.vss.app.Service.UserService - User service created !
2025-08-05 13:24:10 [main] INFO  com.vss.app.config.SecurityConfig - SecurityConfig initialized
2025-08-05 13:24:10 [main] INFO  com.vss.app.Service.EmailService - Random method called
2025-08-05 13:24:10 [main] INFO  com.vss.app.config.AppConfig - Initializing AuthenticationManager bean from AuthenticationConfiguration
2025-08-05 13:24:10 [main] INFO  o.s.s.c.a.a.c.InitializeUserDetailsBeanManagerConfigurer$InitializeUserDetailsManagerConfigurer - Global AuthenticationManager configured with UserDetailsService bean with name customeUserDetailsService
2025-08-05 13:24:10 [main] INFO  c.vss.app.controller.UserController - UserController created!
2025-08-05 13:24:10 [main] INFO  com.vss.app.config.SecurityConfig - Initializing security filter chain...
2025-08-05 13:24:10 [main] INFO  com.vss.app.config.SecurityConfig - CORS support enabled in Spring Security
2025-08-05 13:24:10 [main] INFO  com.vss.app.config.SecurityConfig - Setting security rules for HTTP requests
2025-08-05 13:24:10 [main] INFO  com.vss.app.config.WebConfig - Configuring CORS for path pattern '/api/**'
2025-08-05 13:24:10 [main] INFO  com.vss.app.config.WebConfig - CORS configuration applied: Origin=http://localhost:80, Methods=[GET, POST, PUT, DELETE, OPTIONS]
2025-08-05 13:24:10 [main] INFO  com.vss.app.config.SecurityConfig - Registering authentication entry point for exception handling
2025-08-05 13:24:10 [main] INFO  com.vss.app.config.SecurityConfig - Configuring stateless session management
2025-08-05 13:24:10 [main] INFO  com.vss.app.config.SecurityConfig - JWT authentication filter registered
2025-08-05 13:24:10 [main] INFO  com.vss.app.config.SecurityConfig - Defining CORS configuration source...
2025-08-05 13:24:10 [main] INFO  com.vss.app.config.SecurityConfig - CORS allowed origins: [http://localhost:80, http://localhost]
2025-08-05 13:24:10 [main] INFO  com.vss.app.config.SecurityConfig - CORS allowed methods: [GET, POST, PUT, DELETE, OPTIONS, PATCH]
2025-08-05 13:24:10 [main] INFO  com.vss.app.config.SecurityConfig - CORS configuration applied to all endpoints
2025-08-05 13:24:10 [main] INFO  o.s.v.b.OptionalValidatorFactoryBean - Failed to set up a Bean Validation provider: jakarta.validation.NoProviderFoundException: Unable to create a Configuration, because no Jakarta Bean Validation provider could be found. Add a provider like Hibernate Validator (RI) to your classpath.
2025-08-05 13:24:11 [main] WARN  o.s.b.w.s.c.AnnotationConfigServletWebServerApplicationContext - Exception encountered during context initialization - cancelling refresh attempt: org.springframework.context.ApplicationContextException: Failed to start bean 'webServerStartStop'
2025-08-05 13:24:11 [main] INFO  o.s.b.a.l.ConditionEvaluationReportLogger - 

Error starting ApplicationContext. To display the condition evaluation report re-run your application with 'debug' enabled.
2025-08-05 13:24:11 [main] ERROR o.s.b.d.LoggingFailureAnalysisReporter - 

***************************
APPLICATION FAILED TO START
***************************

Description:

Web server failed to start. Port 8083 was already in use.

Action:

Identify and stop the process that's listening on port 8083 or configure this application to listen on another port.

