
  .   ____          _            __ _ _
 /\\ / ___'_ __ _ _(_)_ __  __ _ \ \ \ \
( ( )\___ | '_ | '_| | '_ \/ _` | \ \ \ \
 \\/  ___)| |_)| | | | | || (_| |  ) ) ) )
  '  |____| .__|_| |_|_| |_\__, | / / / /
 =========|_|==============|___/=/_/_/_/

 :: Spring Boot ::                (v3.5.3)

2025-08-05T13:24:28.014+05:30  INFO 1864 --- [E-comm-delivery-partner] [           main] c.v.app.ECommDeliveryPartnerApplication  : Starting ECommDeliveryPartnerApplication v1.0 using Java 23.0.1 with PID 1864 (D:\Workspace\E-Commerce\E-comm-delivery-partner-1.0.jar started by visha in D:\Workspace\E-Commerce)
2025-08-05T13:24:28.019+05:30  INFO 1864 --- [E-comm-delivery-partner] [           main] c.v.app.ECommDeliveryPartnerApplication  : No active profile set, falling back to 1 default profile: "default"
2025-08-05T13:24:28.814+05:30  INFO 1864 --- [E-comm-delivery-partner] [           main] .s.d.r.c.RepositoryConfigurationDelegate : Bootstrapping Spring Data MongoDB repositories in DEFAULT mode.
2025-08-05T13:24:28.875+05:30  INFO 1864 --- [E-comm-delivery-partner] [           main] .s.d.r.c.RepositoryConfigurationDelegate : Finished Spring Data repository scanning in 54 ms. Found 4 MongoDB repository interfaces.
2025-08-05T13:24:29.399+05:30  INFO 1864 --- [E-comm-delivery-partner] [           main] o.s.b.w.embedded.tomcat.TomcatWebServer  : Tomcat initialized with port 8082 (http)
2025-08-05T13:24:29.413+05:30  INFO 1864 --- [E-comm-delivery-partner] [           main] o.apache.catalina.core.StandardService   : Starting service [Tomcat]
2025-08-05T13:24:29.414+05:30  INFO 1864 --- [E-comm-delivery-partner] [           main] o.apache.catalina.core.StandardEngine    : Starting Servlet engine: [Apache Tomcat/10.1.42]
2025-08-05T13:24:29.442+05:30  INFO 1864 --- [E-comm-delivery-partner] [           main] o.a.c.c.C.[Tomcat].[localhost].[/]       : Initializing Spring embedded WebApplicationContext
2025-08-05T13:24:29.443+05:30  INFO 1864 --- [E-comm-delivery-partner] [           main] w.s.c.ServletWebServerApplicationContext : Root WebApplicationContext: initialization completed in 1344 ms
2025-08-05T13:24:29.682+05:30  INFO 1864 --- [E-comm-delivery-partner] [           main] org.mongodb.driver.client                : MongoClient with metadata {"driver": {"name": "mongo-java-driver|sync|spring-boot", "version": "5.5.1"}, "os": {"type": "Windows", "name": "Windows 11", "architecture": "amd64", "version": "10.0"}, "platform": "Java/Oracle Corporation/23.0.1+11-39"} created with settings MongoClientSettings{readPreference=primary, writeConcern=WriteConcern{w=null, wTimeout=null ms, journal=null}, retryWrites=true, retryReads=true, readConcern=ReadConcern{level=null}, credential=null, transportSettings=null, commandListeners=[], codecRegistry=ProvidersCodecRegistry{codecProviders=[ValueCodecProvider{}, BsonValueCodecProvider{}, DBRefCodecProvider{}, DBObjectCodecProvider{}, DocumentCodecProvider{}, CollectionCodecProvider{}, IterableCodecProvider{}, MapCodecProvider{}, GeoJsonCodecProvider{}, GridFSFileCodecProvider{}, Jsr310CodecProvider{}, JsonObjectCodecProvider{}, BsonCodecProvider{}, EnumCodecProvider{}, com.mongodb.client.model.mql.ExpressionCodecProvider@716185fe, com.mongodb.Jep395RecordCodecProvider@628b819d, com.mongodb.KotlinCodecProvider@478b0739]}, loggerSettings=LoggerSettings{maxDocumentLength=1000}, clusterSettings={hosts=[localhost:27017], srvServiceName=mongodb, mode=SINGLE, requiredClusterType=UNKNOWN, requiredReplicaSetName='null', serverSelector='null', clusterListeners='[]', serverSelectionTimeout='30000 ms', localThreshold='15 ms'}, socketSettings=SocketSettings{connectTimeoutMS=10000, readTimeoutMS=0, receiveBufferSize=0, proxySettings=ProxySettings{host=null, port=null, username=null, password=null}}, heartbeatSocketSettings=SocketSettings{connectTimeoutMS=10000, readTimeoutMS=10000, receiveBufferSize=0, proxySettings=ProxySettings{host=null, port=null, username=null, password=null}}, connectionPoolSettings=ConnectionPoolSettings{maxSize=100, minSize=0, maxWaitTimeMS=120000, maxConnectionLifeTimeMS=0, maxConnectionIdleTimeMS=0, maintenanceInitialDelayMS=0, maintenanceFrequencyMS=60000, connectionPoolListeners=[], maxConnecting=2}, serverSettings=ServerSettings{heartbeatFrequencyMS=10000, minHeartbeatFrequencyMS=500, serverMonitoringMode=AUTO, serverListeners='[]', serverMonitorListeners='[]'}, sslSettings=SslSettings{enabled=false, invalidHostNameAllowed=false, context=null}, applicationName='null', compressorList=[], uuidRepresentation=JAVA_LEGACY, serverApi=null, autoEncryptionSettings=null, dnsClient=null, inetAddressResolver=null, contextProvider=null, timeoutMS=null}
2025-08-05T13:24:29.716+05:30  INFO 1864 --- [E-comm-delivery-partner] [localhost:27017] org.mongodb.driver.cluster               : Monitor thread successfully connected to server with description ServerDescription{address=localhost:27017, type=STANDALONE, cryptd=false, state=CONNECTED, ok=true, minWireVersion=0, maxWireVersion=25, maxDocumentSize=16777216, logicalSessionTimeoutMinutes=30, roundTripTimeNanos=32140900, minRoundTripTimeNanos=0}
2025-08-05T13:24:30.260+05:30  INFO 1864 --- [E-comm-delivery-partner] [           main] com.vss.app.config.AppConfig             : Initializing AuthenticationManager bean from AuthenticationConfiguration
2025-08-05T13:24:30.288+05:30  INFO 1864 --- [E-comm-delivery-partner] [           main] com.vss.app.config.AppConfig             : Initializing BCryptPasswordEncoder bean
2025-08-05T13:24:30.298+05:30  INFO 1864 --- [E-comm-delivery-partner] [           main] r$InitializeUserDetailsManagerConfigurer : Global AuthenticationManager configured with UserDetailsService bean with name deliverypartnerDetailsService
2025-08-05T13:24:30.366+05:30  INFO 1864 --- [E-comm-delivery-partner] [           main] com.vss.app.service.ZipCodeService       : ZipCodeService initialized with repositories
2025-08-05T13:24:30.367+05:30  INFO 1864 --- [E-comm-delivery-partner] [           main] c.vss.app.controller.ZipCodeController   : ZipCodeController initialized with ZipCodeService
2025-08-05T13:24:30.465+05:30  INFO 1864 --- [E-comm-delivery-partner] [           main] com.vss.app.config.SecurityConfig        : Initializing security filter chain...
2025-08-05T13:24:30.466+05:30  INFO 1864 --- [E-comm-delivery-partner] [           main] com.vss.app.config.SecurityConfig        : CORS support enabled in Spring Security
2025-08-05T13:24:30.475+05:30  INFO 1864 --- [E-comm-delivery-partner] [           main] com.vss.app.config.SecurityConfig        : Setting security rules for HTTP requests
2025-08-05T13:24:30.502+05:30  INFO 1864 --- [E-comm-delivery-partner] [           main] com.vss.app.config.WebConfig             : Configuring CORS for path pattern '/api/**'
2025-08-05T13:24:30.505+05:30  INFO 1864 --- [E-comm-delivery-partner] [           main] com.vss.app.config.WebConfig             : CORS configuration applied: Origin=http://localhost:5173, Methods=[GET, POST, PUT, DELETE, OPTIONS]
2025-08-05T13:24:30.662+05:30  INFO 1864 --- [E-comm-delivery-partner] [           main] com.vss.app.config.SecurityConfig        : Registering authentication entry point for exception handling
2025-08-05T13:24:30.664+05:30  INFO 1864 --- [E-comm-delivery-partner] [           main] com.vss.app.config.SecurityConfig        : Configuring stateless session management
2025-08-05T13:24:30.664+05:30  INFO 1864 --- [E-comm-delivery-partner] [           main] com.vss.app.config.SecurityConfig        : JWT authentication filter registered
2025-08-05T13:24:30.689+05:30  INFO 1864 --- [E-comm-delivery-partner] [           main] com.vss.app.config.SecurityConfig        : Defining CORS configuration source...
2025-08-05T13:24:30.689+05:30  INFO 1864 --- [E-comm-delivery-partner] [           main] com.vss.app.config.SecurityConfig        : CORS allowed origins: [http://localhost:80, http://localhost]
2025-08-05T13:24:30.694+05:30  INFO 1864 --- [E-comm-delivery-partner] [           main] com.vss.app.config.SecurityConfig        : CORS allowed methods: [GET, POST, PUT, DELETE, OPTIONS, PATCH]
2025-08-05T13:24:30.694+05:30  INFO 1864 --- [E-comm-delivery-partner] [           main] com.vss.app.config.SecurityConfig        : CORS configuration applied to all endpoints
2025-08-05T13:24:30.942+05:30  WARN 1864 --- [E-comm-delivery-partner] [           main] ConfigServletWebServerApplicationContext : Exception encountered during context initialization - cancelling refresh attempt: org.springframework.context.ApplicationContextException: Failed to start bean 'webServerStartStop'
2025-08-05T13:24:30.966+05:30  INFO 1864 --- [E-comm-delivery-partner] [           main] .s.b.a.l.ConditionEvaluationReportLogger : 

Error starting ApplicationContext. To display the condition evaluation report re-run your application with 'debug' enabled.
2025-08-05T13:24:30.991+05:30 ERROR 1864 --- [E-comm-delivery-partner] [           main] o.s.b.d.LoggingFailureAnalysisReporter   : 

***************************
APPLICATION FAILED TO START
***************************

Description:

Web server failed to start. Port 8082 was already in use.

Action:

Identify and stop the process that's listening on port 8082 or configure this application to listen on another port.

