2025-07-25 11:25:17 [main] INFO  com.vss.app.DieliveryBoyApplication - Starting DieliveryBoyApplication v1.0 using Java 17.0.6 with PID 14196 (C:\Users\91782\Desktop\Work\E-Commerce\DieliveryBoy-1.0.jar started by 91782 in C:\Users\91782\Desktop\Work\E-Commerce)
2025-07-25 11:25:17 [main] INFO  com.vss.app.DieliveryBoyApplication - No active profile set, falling back to 1 default profile: "default"
2025-07-25 11:25:19 [main] INFO  o.s.d.r.c.RepositoryConfigurationDelegate - Bootstrapping Spring Data MongoDB repositories in DEFAULT mode.
2025-07-25 11:25:19 [main] INFO  o.s.d.r.c.RepositoryConfigurationDelegate - Finished Spring Data repository scanning in 115 ms. Found 4 MongoDB repository interfaces.
2025-07-25 11:25:20 [main] INFO  o.s.b.w.e.tomcat.TomcatWebServer - Tomcat initialized with port 8080 (http)
2025-07-25 11:25:20 [main] INFO  o.a.catalina.core.StandardService - Starting service [Tomcat]
2025-07-25 11:25:20 [main] INFO  o.a.catalina.core.StandardEngine - Starting Servlet engine: [Apache Tomcat/10.1.42]
2025-07-25 11:25:20 [main] INFO  o.a.c.c.C.[Tomcat].[localhost].[/] - Initializing Spring embedded WebApplicationContext
2025-07-25 11:25:20 [main] INFO  o.s.b.w.s.c.ServletWebServerApplicationContext - Root WebApplicationContext: initialization completed in 3416 ms
2025-07-25 11:25:20 [main] INFO  org.mongodb.driver.client - MongoClient with metadata {"driver": {"name": "mongo-java-driver|sync|spring-boot", "version": "5.5.1"}, "os": {"type": "Windows", "name": "Windows 11", "architecture": "amd64", "version": "10.0"}, "platform": "Java/Oracle Corporation/17.0.6+9-LTS-190"} created with settings MongoClientSettings{readPreference=primary, writeConcern=WriteConcern{w=null, wTimeout=null ms, journal=null}, retryWrites=true, retryReads=true, readConcern=ReadConcern{level=null}, credential=null, transportSettings=null, commandListeners=[], codecRegistry=ProvidersCodecRegistry{codecProviders=[ValueCodecProvider{}, BsonValueCodecProvider{}, DBRefCodecProvider{}, DBObjectCodecProvider{}, DocumentCodecProvider{}, CollectionCodecProvider{}, IterableCodecProvider{}, MapCodecProvider{}, GeoJsonCodecProvider{}, GridFSFileCodecProvider{}, Jsr310CodecProvider{}, JsonObjectCodecProvider{}, BsonCodecProvider{}, EnumCodecProvider{}, com.mongodb.client.model.mql.ExpressionCodecProvider@557b6a37, com.mongodb.Jep395RecordCodecProvider@11b32a14, com.mongodb.KotlinCodecProvider@1c33e528]}, loggerSettings=LoggerSettings{maxDocumentLength=1000}, clusterSettings={hosts=[localhost:27017], srvServiceName=mongodb, mode=SINGLE, requiredClusterType=UNKNOWN, requiredReplicaSetName='null', serverSelector='null', clusterListeners='[]', serverSelectionTimeout='30000 ms', localThreshold='15 ms'}, socketSettings=SocketSettings{connectTimeoutMS=10000, readTimeoutMS=0, receiveBufferSize=0, proxySettings=ProxySettings{host=null, port=null, username=null, password=null}}, heartbeatSocketSettings=SocketSettings{connectTimeoutMS=10000, readTimeoutMS=10000, receiveBufferSize=0, proxySettings=ProxySettings{host=null, port=null, username=null, password=null}}, connectionPoolSettings=ConnectionPoolSettings{maxSize=100, minSize=0, maxWaitTimeMS=120000, maxConnectionLifeTimeMS=0, maxConnectionIdleTimeMS=0, maintenanceInitialDelayMS=0, maintenanceFrequencyMS=60000, connectionPoolListeners=[], maxConnecting=2}, serverSettings=ServerSettings{heartbeatFrequencyMS=10000, minHeartbeatFrequencyMS=500, serverMonitoringMode=AUTO, serverListeners='[]', serverMonitorListeners='[]'}, sslSettings=SslSettings{enabled=false, invalidHostNameAllowed=false, context=null}, applicationName='null', compressorList=[], uuidRepresentation=JAVA_LEGACY, serverApi=null, autoEncryptionSettings=null, dnsClient=null, inetAddressResolver=null, contextProvider=null, timeoutMS=null}
2025-07-25 11:25:21 [cluster-ClusterId{value='68831c489374b0d7c764cdb7', description='null'}-localhost:27017] INFO  org.mongodb.driver.cluster - Monitor thread successfully connected to server with description ServerDescription{address=localhost:27017, type=STANDALONE, cryptd=false, state=CONNECTED, ok=true, minWireVersion=0, maxWireVersion=25, maxDocumentSize=16777216, logicalSessionTimeoutMinutes=30, roundTripTimeNanos=56268500, minRoundTripTimeNanos=0}
2025-07-25 11:25:22 [main] INFO  com.vss.app.config.AppConfig - Initializing AuthenticationManager bean from AuthenticationConfiguration
2025-07-25 11:25:22 [main] INFO  com.vss.app.config.AppConfig - Initializing BCryptPasswordEncoder bean
2025-07-25 11:25:22 [main] INFO  o.s.s.c.a.a.c.InitializeUserDetailsBeanManagerConfigurer$InitializeUserDetailsManagerConfigurer - Global AuthenticationManager configured with UserDetailsService bean with name deliveryBoyDetailService
2025-07-25 11:25:22 [main] INFO  com.vss.app.service.OrderService - OrderService initialized
2025-07-25 11:25:22 [main] INFO  com.vss.app.config.SecurityConfig - Initializing security filter chain...
2025-07-25 11:25:22 [main] INFO  com.vss.app.config.SecurityConfig - CORS support enabled in Spring Security
2025-07-25 11:25:22 [main] INFO  com.vss.app.config.SecurityConfig - Setting security rules for HTTP requests
2025-07-25 11:25:22 [main] INFO  com.vss.app.config.WebConfig - Configuring CORS for path pattern '/api/**'
2025-07-25 11:25:22 [main] INFO  com.vss.app.config.WebConfig - CORS configuration applied: Origin=http://localhost:5173, Methods=[GET, POST, PUT, DELETE, OPTIONS]
2025-07-25 11:25:22 [main] INFO  com.vss.app.config.SecurityConfig - Registering authentication entry point for exception handling
2025-07-25 11:25:22 [main] INFO  com.vss.app.config.SecurityConfig - Configuring stateless session management
2025-07-25 11:25:22 [main] INFO  com.vss.app.config.SecurityConfig - JWT authentication filter registered
2025-07-25 11:25:22 [main] INFO  com.vss.app.config.SecurityConfig - Defining CORS configuration source...
2025-07-25 11:25:22 [main] INFO  com.vss.app.config.SecurityConfig - CORS allowed origins: [http://localhost:5173]
2025-07-25 11:25:22 [main] INFO  com.vss.app.config.SecurityConfig - CORS allowed methods: [GET, POST, PUT, DELETE, OPTIONS, PATCH]
2025-07-25 11:25:22 [main] INFO  com.vss.app.config.SecurityConfig - CORS configuration applied to all endpoints
2025-07-25 11:25:23 [main] INFO  o.s.b.w.e.tomcat.TomcatWebServer - Tomcat started on port 8080 (http) with context path '/'
2025-07-25 11:25:23 [main] INFO  com.vss.app.DieliveryBoyApplication - Started DieliveryBoyApplication in 7.827 seconds (process running for 8.947)
2025-07-25 11:25:30 [http-nio-8080-exec-1] INFO  o.a.c.c.C.[Tomcat].[localhost].[/] - Initializing Spring DispatcherServlet 'dispatcherServlet'
2025-07-25 11:25:30 [http-nio-8080-exec-1] INFO  o.s.web.servlet.DispatcherServlet - Initializing Servlet 'dispatcherServlet'
2025-07-25 11:25:30 [http-nio-8080-exec-1] INFO  o.s.web.servlet.DispatcherServlet - Completed initialization in 2 ms
2025-07-25 11:25:30 [http-nio-8080-exec-4] INFO  c.v.a.s.JwtAuthenticationFilter - Authorization Header: null
2025-07-25 11:25:30 [http-nio-8080-exec-4] INFO  c.v.a.s.JwtAuthenticationFilter - Invalid Authorization header value or header missing
2025-07-25 11:25:30 [http-nio-8080-exec-4] INFO  c.v.a.c.DeliveryBoyController - Login attempt for email: nishant@gmail.com
2025-07-25 11:25:31 [http-nio-8080-exec-4] INFO  c.v.a.s.DeliveryBoyDetailService - Loading user by email: nishant@gmail.com
2025-07-25 11:25:31 [http-nio-8080-exec-4] INFO  c.v.a.s.DeliveryBoyDetailService - Loading user by email: nishant@gmail.com
2025-07-25 11:25:31 [http-nio-8080-exec-4] INFO  com.vss.app.security.JwtHelper - Generated JWT token for subject: nishant@gmail.com
2025-07-25 11:25:31 [http-nio-8080-exec-4] INFO  c.v.a.c.DeliveryBoyController - Login successful for email: nishant@gmail.com
2025-07-25 11:25:32 [http-nio-8080-exec-2] INFO  c.v.a.s.JwtAuthenticationFilter - Authorization Header: Bearer eyJhbGciOiJIUzUxMiJ9.eyJzdWIiOiJuaXNoYW50QGdtYWlsLmNvbSIsImlhdCI6MTc1MzQyMjkzMSwiZXhwIjoxNzUzNDQwOTMxfQ.IWEh_J4MTZ62qFuX4STvwcHPDjOAWXy8uMiLlA0DaC8Qlyiy_7nCDADtnVXKUEoHvGVRr9VNYAADnCnfA2sp7Q
2025-07-25 11:25:32 [http-nio-8080-exec-6] INFO  c.v.a.s.JwtAuthenticationFilter - Authorization Header: Bearer eyJhbGciOiJIUzUxMiJ9.eyJzdWIiOiJuaXNoYW50QGdtYWlsLmNvbSIsImlhdCI6MTc1MzQyMjkzMSwiZXhwIjoxNzUzNDQwOTMxfQ.IWEh_J4MTZ62qFuX4STvwcHPDjOAWXy8uMiLlA0DaC8Qlyiy_7nCDADtnVXKUEoHvGVRr9VNYAADnCnfA2sp7Q
2025-07-25 11:25:32 [http-nio-8080-exec-2] INFO  c.v.a.s.DeliveryBoyDetailService - Loading user by email: nishant@gmail.com
2025-07-25 11:25:32 [http-nio-8080-exec-6] INFO  c.v.a.s.DeliveryBoyDetailService - Loading user by email: nishant@gmail.com
2025-07-25 11:25:32 [http-nio-8080-exec-6] INFO  com.vss.app.security.JwtHelper - Token validation result for user nishant@gmail.com : true
2025-07-25 11:25:32 [http-nio-8080-exec-2] INFO  com.vss.app.security.JwtHelper - Token validation result for user nishant@gmail.com : true
2025-07-25 11:25:32 [http-nio-8080-exec-6] INFO  c.v.a.s.JwtAuthenticationFilter - JWT Token validated successfully, authentication set for user: nishant@gmail.com
2025-07-25 11:25:32 [http-nio-8080-exec-2] INFO  c.v.a.s.JwtAuthenticationFilter - JWT Token validated successfully, authentication set for user: nishant@gmail.com
2025-07-25 11:25:32 [http-nio-8080-exec-2] INFO  c.v.a.c.DeliveryBoyController - Fetching delivery boy details
2025-07-25 11:25:32 [http-nio-8080-exec-6] INFO  c.v.app.controller.ZipCodeController - list ziop codes
2025-07-25 11:25:32 [http-nio-8080-exec-6] INFO  com.vss.app.service.ZipCodeService - listing all zip codes
2025-07-25 11:25:32 [http-nio-8080-exec-2] INFO  c.vss.app.service.DeliveryBoyService - Retrieved DeliveryBoy with ID: 68831200f1b4ec961b2db2ef
2025-07-25 11:25:32 [http-nio-8080-exec-2] INFO  c.v.a.c.DeliveryBoyController - Delivery	retrieved successfully for email: nishant@gmail.com
2025-07-25 11:25:40 [http-nio-8080-exec-8] INFO  c.v.a.s.JwtAuthenticationFilter - Authorization Header: Bearer eyJhbGciOiJIUzUxMiJ9.eyJzdWIiOiJuaXNoYW50QGdtYWlsLmNvbSIsImlhdCI6MTc1MzQyMjkzMSwiZXhwIjoxNzUzNDQwOTMxfQ.IWEh_J4MTZ62qFuX4STvwcHPDjOAWXy8uMiLlA0DaC8Qlyiy_7nCDADtnVXKUEoHvGVRr9VNYAADnCnfA2sp7Q
2025-07-25 11:25:40 [http-nio-8080-exec-8] INFO  c.v.a.s.DeliveryBoyDetailService - Loading user by email: nishant@gmail.com
2025-07-25 11:25:40 [http-nio-8080-exec-8] INFO  com.vss.app.security.JwtHelper - Token validation result for user nishant@gmail.com : true
2025-07-25 11:25:40 [http-nio-8080-exec-8] INFO  c.v.a.s.JwtAuthenticationFilter - JWT Token validated successfully, authentication set for user: nishant@gmail.com
2025-07-25 11:25:40 [http-nio-8080-exec-8] INFO  c.v.app.controller.ZipCodeController - adding zip code 443101,
2025-07-25 11:25:40 [http-nio-8080-exec-8] INFO  com.vss.app.service.ZipCodeService - assing ip code
2025-07-25 11:25:49 [http-nio-8080-exec-9] INFO  c.v.a.s.JwtAuthenticationFilter - Authorization Header: Bearer eyJhbGciOiJIUzUxMiJ9.eyJzdWIiOiJuaXNoYW50QGdtYWlsLmNvbSIsImlhdCI6MTc1MzQyMjkzMSwiZXhwIjoxNzUzNDQwOTMxfQ.IWEh_J4MTZ62qFuX4STvwcHPDjOAWXy8uMiLlA0DaC8Qlyiy_7nCDADtnVXKUEoHvGVRr9VNYAADnCnfA2sp7Q
2025-07-25 11:25:49 [http-nio-8080-exec-9] INFO  c.v.a.s.DeliveryBoyDetailService - Loading user by email: nishant@gmail.com
2025-07-25 11:25:49 [http-nio-8080-exec-9] INFO  com.vss.app.security.JwtHelper - Token validation result for user nishant@gmail.com : true
2025-07-25 11:25:49 [http-nio-8080-exec-9] INFO  c.v.a.s.JwtAuthenticationFilter - JWT Token validated successfully, authentication set for user: nishant@gmail.com
2025-07-25 11:25:49 [http-nio-8080-exec-9] INFO  c.v.app.controller.ZipCodeController - adding zip code 443102,
2025-07-25 11:25:49 [http-nio-8080-exec-9] INFO  com.vss.app.service.ZipCodeService - assing ip code
2025-07-25 11:25:52 [http-nio-8080-exec-3] INFO  c.v.a.s.JwtAuthenticationFilter - Authorization Header: Bearer eyJhbGciOiJIUzUxMiJ9.eyJzdWIiOiJuaXNoYW50QGdtYWlsLmNvbSIsImlhdCI6MTc1MzQyMjkzMSwiZXhwIjoxNzUzNDQwOTMxfQ.IWEh_J4MTZ62qFuX4STvwcHPDjOAWXy8uMiLlA0DaC8Qlyiy_7nCDADtnVXKUEoHvGVRr9VNYAADnCnfA2sp7Q
2025-07-25 11:25:52 [http-nio-8080-exec-4] INFO  c.v.a.s.JwtAuthenticationFilter - Authorization Header: Bearer eyJhbGciOiJIUzUxMiJ9.eyJzdWIiOiJuaXNoYW50QGdtYWlsLmNvbSIsImlhdCI6MTc1MzQyMjkzMSwiZXhwIjoxNzUzNDQwOTMxfQ.IWEh_J4MTZ62qFuX4STvwcHPDjOAWXy8uMiLlA0DaC8Qlyiy_7nCDADtnVXKUEoHvGVRr9VNYAADnCnfA2sp7Q
2025-07-25 11:25:52 [http-nio-8080-exec-4] INFO  c.v.a.s.DeliveryBoyDetailService - Loading user by email: nishant@gmail.com
2025-07-25 11:25:52 [http-nio-8080-exec-3] INFO  c.v.a.s.DeliveryBoyDetailService - Loading user by email: nishant@gmail.com
2025-07-25 11:25:52 [http-nio-8080-exec-3] INFO  com.vss.app.security.JwtHelper - Token validation result for user nishant@gmail.com : true
2025-07-25 11:25:52 [http-nio-8080-exec-4] INFO  com.vss.app.security.JwtHelper - Token validation result for user nishant@gmail.com : true
2025-07-25 11:25:52 [http-nio-8080-exec-3] INFO  c.v.a.s.JwtAuthenticationFilter - JWT Token validated successfully, authentication set for user: nishant@gmail.com
2025-07-25 11:25:52 [http-nio-8080-exec-4] INFO  c.v.a.s.JwtAuthenticationFilter - JWT Token validated successfully, authentication set for user: nishant@gmail.com
2025-07-25 11:25:52 [http-nio-8080-exec-4] INFO  c.v.a.c.DeliveryBoyController - Fetching delivery boy details
2025-07-25 11:25:52 [http-nio-8080-exec-3] INFO  c.v.app.controller.ZipCodeController - list ziop codes
2025-07-25 11:25:52 [http-nio-8080-exec-3] INFO  com.vss.app.service.ZipCodeService - listing all zip codes
2025-07-25 11:25:52 [http-nio-8080-exec-4] INFO  c.vss.app.service.DeliveryBoyService - Retrieved DeliveryBoy with ID: 68831200f1b4ec961b2db2ef
2025-07-25 11:25:52 [http-nio-8080-exec-4] INFO  c.v.a.c.DeliveryBoyController - Delivery	retrieved successfully for email: nishant@gmail.com
2025-07-25 11:25:54 [http-nio-8080-exec-6] INFO  c.v.a.s.JwtAuthenticationFilter - Authorization Header: Bearer eyJhbGciOiJIUzUxMiJ9.eyJzdWIiOiJuaXNoYW50QGdtYWlsLmNvbSIsImlhdCI6MTc1MzQyMjkzMSwiZXhwIjoxNzUzNDQwOTMxfQ.IWEh_J4MTZ62qFuX4STvwcHPDjOAWXy8uMiLlA0DaC8Qlyiy_7nCDADtnVXKUEoHvGVRr9VNYAADnCnfA2sp7Q
2025-07-25 11:25:54 [http-nio-8080-exec-6] INFO  c.v.a.s.DeliveryBoyDetailService - Loading user by email: nishant@gmail.com
2025-07-25 11:25:54 [http-nio-8080-exec-6] INFO  com.vss.app.security.JwtHelper - Token validation result for user nishant@gmail.com : true
2025-07-25 11:25:54 [http-nio-8080-exec-6] INFO  c.v.a.s.JwtAuthenticationFilter - JWT Token validated successfully, authentication set for user: nishant@gmail.com
2025-07-25 11:25:54 [http-nio-8080-exec-6] INFO  c.vss.app.controller.OrderController - listing all orders
2025-07-25 11:25:54 [http-nio-8080-exec-6] INFO  com.vss.app.service.OrderService - Fetching all orders for boy: nishant@gmail.com
2025-07-25 11:25:54 [http-nio-8080-exec-6] INFO  com.vss.app.service.OrderService - 
2025-07-25 11:25:54 [http-nio-8080-exec-6] INFO  com.vss.app.service.OrderService - Fetching orders for zip code: 443101
2025-07-25 11:25:54 [http-nio-8080-exec-6] INFO  com.vss.app.service.OrderService - Processing order: order_QxBoCWKKxKGmME
2025-07-25 11:25:54 [http-nio-8080-exec-6] INFO  com.vss.app.service.OrderService - Fetching orders for zip code: 443102
2025-07-25 11:25:54 [http-nio-8080-exec-6] INFO  com.vss.app.service.OrderService - Processing order: order_QxBpDr0FO4x9pq
2025-07-25 11:25:54 [http-nio-8080-exec-6] INFO  com.vss.app.service.OrderService - Processing order: order_QxBtbqpbsw49qk
2025-07-25 11:25:56 [http-nio-8080-exec-7] INFO  c.v.a.s.JwtAuthenticationFilter - Authorization Header: Bearer eyJhbGciOiJIUzUxMiJ9.eyJzdWIiOiJuaXNoYW50QGdtYWlsLmNvbSIsImlhdCI6MTc1MzQyMjkzMSwiZXhwIjoxNzUzNDQwOTMxfQ.IWEh_J4MTZ62qFuX4STvwcHPDjOAWXy8uMiLlA0DaC8Qlyiy_7nCDADtnVXKUEoHvGVRr9VNYAADnCnfA2sp7Q
2025-07-25 11:25:56 [http-nio-8080-exec-7] INFO  c.v.a.s.DeliveryBoyDetailService - Loading user by email: nishant@gmail.com
2025-07-25 11:25:56 [http-nio-8080-exec-7] INFO  com.vss.app.security.JwtHelper - Token validation result for user nishant@gmail.com : true
2025-07-25 11:25:56 [http-nio-8080-exec-7] INFO  c.v.a.s.JwtAuthenticationFilter - JWT Token validated successfully, authentication set for user: nishant@gmail.com
2025-07-25 11:25:56 [http-nio-8080-exec-7] INFO  c.vss.app.controller.OrderController - Fetching all orders for delivery boy nishant@gmail.com
2025-07-25 11:25:56 [http-nio-8080-exec-7] INFO  com.vss.app.service.OrderService - Fetched order 688319e09ef164ea483143df for delivery
2025-07-25 11:25:56 [http-nio-8080-exec-7] INFO  com.vss.app.service.OrderService - Fetched 1 orders for delivery boy nishant@gmail.com
2025-07-25 11:25:58 [http-nio-8080-exec-8] INFO  c.v.a.s.JwtAuthenticationFilter - Authorization Header: Bearer eyJhbGciOiJIUzUxMiJ9.eyJzdWIiOiJuaXNoYW50QGdtYWlsLmNvbSIsImlhdCI6MTc1MzQyMjkzMSwiZXhwIjoxNzUzNDQwOTMxfQ.IWEh_J4MTZ62qFuX4STvwcHPDjOAWXy8uMiLlA0DaC8Qlyiy_7nCDADtnVXKUEoHvGVRr9VNYAADnCnfA2sp7Q
2025-07-25 11:25:58 [http-nio-8080-exec-8] INFO  c.v.a.s.DeliveryBoyDetailService - Loading user by email: nishant@gmail.com
2025-07-25 11:25:58 [http-nio-8080-exec-8] INFO  com.vss.app.security.JwtHelper - Token validation result for user nishant@gmail.com : true
2025-07-25 11:25:58 [http-nio-8080-exec-8] INFO  c.v.a.s.JwtAuthenticationFilter - JWT Token validated successfully, authentication set for user: nishant@gmail.com
2025-07-25 11:25:58 [http-nio-8080-exec-8] INFO  c.vss.app.controller.OrderController - listing all orders
2025-07-25 11:25:58 [http-nio-8080-exec-8] INFO  com.vss.app.service.OrderService - Fetching all orders for boy: nishant@gmail.com
2025-07-25 11:25:58 [http-nio-8080-exec-8] INFO  com.vss.app.service.OrderService - 
2025-07-25 11:25:58 [http-nio-8080-exec-8] INFO  com.vss.app.service.OrderService - Fetching orders for zip code: 443101
2025-07-25 11:25:58 [http-nio-8080-exec-8] INFO  com.vss.app.service.OrderService - Processing order: order_QxBoCWKKxKGmME
2025-07-25 11:25:58 [http-nio-8080-exec-8] INFO  com.vss.app.service.OrderService - Fetching orders for zip code: 443102
2025-07-25 11:25:58 [http-nio-8080-exec-8] INFO  com.vss.app.service.OrderService - Processing order: order_QxBpDr0FO4x9pq
2025-07-25 11:25:58 [http-nio-8080-exec-8] INFO  com.vss.app.service.OrderService - Processing order: order_QxBtbqpbsw49qk
2025-07-25 11:26:08 [http-nio-8080-exec-10] INFO  c.v.a.s.JwtAuthenticationFilter - Authorization Header: Bearer eyJhbGciOiJIUzUxMiJ9.eyJzdWIiOiJuaXNoYW50QGdtYWlsLmNvbSIsImlhdCI6MTc1MzQyMjkzMSwiZXhwIjoxNzUzNDQwOTMxfQ.IWEh_J4MTZ62qFuX4STvwcHPDjOAWXy8uMiLlA0DaC8Qlyiy_7nCDADtnVXKUEoHvGVRr9VNYAADnCnfA2sp7Q
2025-07-25 11:26:08 [http-nio-8080-exec-10] INFO  c.v.a.s.DeliveryBoyDetailService - Loading user by email: nishant@gmail.com
2025-07-25 11:26:09 [http-nio-8080-exec-10] INFO  com.vss.app.security.JwtHelper - Token validation result for user nishant@gmail.com : true
2025-07-25 11:26:09 [http-nio-8080-exec-10] INFO  c.v.a.s.JwtAuthenticationFilter - JWT Token validated successfully, authentication set for user: nishant@gmail.com
2025-07-25 11:26:09 [http-nio-8080-exec-10] INFO  com.vss.app.service.OrderService - Accepting order order_QxBpDr0FO4x9pq for delivery boy nishant@gmail.com
2025-07-25 11:26:09 [http-nio-8080-exec-10] INFO  com.vss.app.service.OrderService - Order order_QxBpDr0FO4x9pq accepted by nishant@gmail.com
2025-07-25 11:26:09 [http-nio-8080-exec-10] INFO  c.vss.app.controller.OrderController - Order nishant@gmail.com acepted by
2025-07-25 11:26:10 [http-nio-8080-exec-3] INFO  c.v.a.s.JwtAuthenticationFilter - Authorization Header: Bearer eyJhbGciOiJIUzUxMiJ9.eyJzdWIiOiJuaXNoYW50QGdtYWlsLmNvbSIsImlhdCI6MTc1MzQyMjkzMSwiZXhwIjoxNzUzNDQwOTMxfQ.IWEh_J4MTZ62qFuX4STvwcHPDjOAWXy8uMiLlA0DaC8Qlyiy_7nCDADtnVXKUEoHvGVRr9VNYAADnCnfA2sp7Q
2025-07-25 11:26:10 [http-nio-8080-exec-3] INFO  c.v.a.s.DeliveryBoyDetailService - Loading user by email: nishant@gmail.com
2025-07-25 11:26:10 [http-nio-8080-exec-3] INFO  com.vss.app.security.JwtHelper - Token validation result for user nishant@gmail.com : true
2025-07-25 11:26:10 [http-nio-8080-exec-3] INFO  c.v.a.s.JwtAuthenticationFilter - JWT Token validated successfully, authentication set for user: nishant@gmail.com
2025-07-25 11:26:10 [http-nio-8080-exec-3] INFO  c.vss.app.controller.OrderController - listing all orders
2025-07-25 11:26:10 [http-nio-8080-exec-3] INFO  com.vss.app.service.OrderService - Fetching all orders for boy: nishant@gmail.com
2025-07-25 11:26:10 [http-nio-8080-exec-3] INFO  com.vss.app.service.OrderService - 
2025-07-25 11:26:10 [http-nio-8080-exec-3] INFO  com.vss.app.service.OrderService - Fetching orders for zip code: 443101
2025-07-25 11:26:10 [http-nio-8080-exec-3] INFO  com.vss.app.service.OrderService - Processing order: order_QxBoCWKKxKGmME
2025-07-25 11:26:10 [http-nio-8080-exec-3] INFO  com.vss.app.service.OrderService - Fetching orders for zip code: 443102
2025-07-25 11:26:10 [http-nio-8080-exec-3] INFO  com.vss.app.service.OrderService - Processing order: order_QxBpDr0FO4x9pq
2025-07-25 11:26:10 [http-nio-8080-exec-3] INFO  com.vss.app.service.OrderService - Processing order: order_QxBtbqpbsw49qk
2025-07-25 11:26:15 [http-nio-8080-exec-5] INFO  c.v.a.s.JwtAuthenticationFilter - Authorization Header: Bearer eyJhbGciOiJIUzUxMiJ9.eyJzdWIiOiJuaXNoYW50QGdtYWlsLmNvbSIsImlhdCI6MTc1MzQyMjkzMSwiZXhwIjoxNzUzNDQwOTMxfQ.IWEh_J4MTZ62qFuX4STvwcHPDjOAWXy8uMiLlA0DaC8Qlyiy_7nCDADtnVXKUEoHvGVRr9VNYAADnCnfA2sp7Q
2025-07-25 11:26:15 [http-nio-8080-exec-5] INFO  c.v.a.s.DeliveryBoyDetailService - Loading user by email: nishant@gmail.com
2025-07-25 11:26:15 [http-nio-8080-exec-5] INFO  com.vss.app.security.JwtHelper - Token validation result for user nishant@gmail.com : true
2025-07-25 11:26:15 [http-nio-8080-exec-5] INFO  c.v.a.s.JwtAuthenticationFilter - JWT Token validated successfully, authentication set for user: nishant@gmail.com
2025-07-25 11:26:15 [http-nio-8080-exec-5] INFO  c.vss.app.controller.OrderController - Fetching all orders for delivery boy nishant@gmail.com
2025-07-25 11:26:15 [http-nio-8080-exec-5] INFO  com.vss.app.service.OrderService - Fetched order 688319e09ef164ea483143df for delivery
2025-07-25 11:26:15 [http-nio-8080-exec-5] INFO  com.vss.app.service.OrderService - Fetched order 68831a1b9ef164ea483143e1 for delivery
2025-07-25 11:26:15 [http-nio-8080-exec-5] INFO  com.vss.app.service.OrderService - Fetched 2 orders for delivery boy nishant@gmail.com
2025-07-25 11:26:26 [http-nio-8080-exec-2] INFO  c.v.a.s.JwtAuthenticationFilter - Authorization Header: Bearer eyJhbGciOiJIUzUxMiJ9.eyJzdWIiOiJuaXNoYW50QGdtYWlsLmNvbSIsImlhdCI6MTc1MzQyMjkzMSwiZXhwIjoxNzUzNDQwOTMxfQ.IWEh_J4MTZ62qFuX4STvwcHPDjOAWXy8uMiLlA0DaC8Qlyiy_7nCDADtnVXKUEoHvGVRr9VNYAADnCnfA2sp7Q
2025-07-25 11:26:26 [http-nio-8080-exec-2] INFO  c.v.a.s.DeliveryBoyDetailService - Loading user by email: nishant@gmail.com
2025-07-25 11:26:26 [http-nio-8080-exec-2] INFO  com.vss.app.security.JwtHelper - Token validation result for user nishant@gmail.com : true
2025-07-25 11:26:26 [http-nio-8080-exec-2] INFO  c.v.a.s.JwtAuthenticationFilter - JWT Token validated successfully, authentication set for user: nishant@gmail.com
2025-07-25 11:26:26 [http-nio-8080-exec-2] INFO  com.vss.app.service.OrderService - Fetching delivered orders for delivery boy with email: nishant@gmail.com
2025-07-25 11:26:26 [http-nio-8080-exec-2] INFO  com.vss.app.service.OrderService - No delivered orders found for delivery boy: nishant@gmail.com
2025-07-25 11:26:26 [http-nio-8080-exec-2] INFO  c.vss.app.controller.OrderController - Fetched 0 delivered orders for user nishant@gmail.com
2025-07-25 11:26:27 [http-nio-8080-exec-8] INFO  c.v.a.s.JwtAuthenticationFilter - Authorization Header: Bearer eyJhbGciOiJIUzUxMiJ9.eyJzdWIiOiJuaXNoYW50QGdtYWlsLmNvbSIsImlhdCI6MTc1MzQyMjkzMSwiZXhwIjoxNzUzNDQwOTMxfQ.IWEh_J4MTZ62qFuX4STvwcHPDjOAWXy8uMiLlA0DaC8Qlyiy_7nCDADtnVXKUEoHvGVRr9VNYAADnCnfA2sp7Q
2025-07-25 11:26:27 [http-nio-8080-exec-8] INFO  c.v.a.s.DeliveryBoyDetailService - Loading user by email: nishant@gmail.com
2025-07-25 11:26:27 [http-nio-8080-exec-8] INFO  com.vss.app.security.JwtHelper - Token validation result for user nishant@gmail.com : true
2025-07-25 11:26:27 [http-nio-8080-exec-8] INFO  c.v.a.s.JwtAuthenticationFilter - JWT Token validated successfully, authentication set for user: nishant@gmail.com
2025-07-25 11:26:27 [http-nio-8080-exec-8] INFO  c.vss.app.controller.OrderController - Fetching all orders for delivery boy nishant@gmail.com
2025-07-25 11:26:27 [http-nio-8080-exec-8] INFO  com.vss.app.service.OrderService - Fetched order 688319e09ef164ea483143df for delivery
2025-07-25 11:26:27 [http-nio-8080-exec-8] INFO  com.vss.app.service.OrderService - Fetched order 68831a1b9ef164ea483143e1 for delivery
2025-07-25 11:26:27 [http-nio-8080-exec-8] INFO  com.vss.app.service.OrderService - Fetched 2 orders for delivery boy nishant@gmail.com
2025-07-25 11:26:36 [http-nio-8080-exec-10] INFO  c.v.a.s.JwtAuthenticationFilter - Authorization Header: Bearer eyJhbGciOiJIUzUxMiJ9.eyJzdWIiOiJuaXNoYW50QGdtYWlsLmNvbSIsImlhdCI6MTc1MzQyMjkzMSwiZXhwIjoxNzUzNDQwOTMxfQ.IWEh_J4MTZ62qFuX4STvwcHPDjOAWXy8uMiLlA0DaC8Qlyiy_7nCDADtnVXKUEoHvGVRr9VNYAADnCnfA2sp7Q
2025-07-25 11:26:36 [http-nio-8080-exec-10] INFO  c.v.a.s.DeliveryBoyDetailService - Loading user by email: nishant@gmail.com
2025-07-25 11:26:36 [http-nio-8080-exec-10] INFO  com.vss.app.security.JwtHelper - Token validation result for user nishant@gmail.com : true
2025-07-25 11:26:36 [http-nio-8080-exec-10] INFO  c.v.a.s.JwtAuthenticationFilter - JWT Token validated successfully, authentication set for user: nishant@gmail.com
2025-07-25 11:26:36 [http-nio-8080-exec-10] INFO  c.vss.app.controller.OrderController - Picking product 208ae5bb-934b-4101-bc8e-a264a3c060f5 for order nishant@gmail.com
2025-07-25 11:26:36 [http-nio-8080-exec-10] INFO  com.vss.app.service.OrderService - Product found: 208ae5bb-934b-4101-bc8e-a264a3c060f5
2025-07-25 11:26:38 [http-nio-8080-exec-3] INFO  c.v.a.s.JwtAuthenticationFilter - Authorization Header: Bearer eyJhbGciOiJIUzUxMiJ9.eyJzdWIiOiJuaXNoYW50QGdtYWlsLmNvbSIsImlhdCI6MTc1MzQyMjkzMSwiZXhwIjoxNzUzNDQwOTMxfQ.IWEh_J4MTZ62qFuX4STvwcHPDjOAWXy8uMiLlA0DaC8Qlyiy_7nCDADtnVXKUEoHvGVRr9VNYAADnCnfA2sp7Q
2025-07-25 11:26:38 [http-nio-8080-exec-3] INFO  c.v.a.s.DeliveryBoyDetailService - Loading user by email: nishant@gmail.com
2025-07-25 11:26:38 [http-nio-8080-exec-3] INFO  com.vss.app.security.JwtHelper - Token validation result for user nishant@gmail.com : true
2025-07-25 11:26:38 [http-nio-8080-exec-3] INFO  c.v.a.s.JwtAuthenticationFilter - JWT Token validated successfully, authentication set for user: nishant@gmail.com
2025-07-25 11:26:38 [http-nio-8080-exec-3] INFO  c.vss.app.controller.OrderController - Fetching all orders for delivery boy nishant@gmail.com
2025-07-25 11:26:38 [http-nio-8080-exec-3] INFO  com.vss.app.service.OrderService - Fetched order 688319e09ef164ea483143df for delivery
2025-07-25 11:26:38 [http-nio-8080-exec-3] INFO  com.vss.app.service.OrderService - Fetched order 68831a1b9ef164ea483143e1 for delivery
2025-07-25 11:26:38 [http-nio-8080-exec-3] INFO  com.vss.app.service.OrderService - Fetched 2 orders for delivery boy nishant@gmail.com
2025-07-25 11:26:42 [http-nio-8080-exec-5] INFO  c.v.a.s.JwtAuthenticationFilter - Authorization Header: Bearer eyJhbGciOiJIUzUxMiJ9.eyJzdWIiOiJuaXNoYW50QGdtYWlsLmNvbSIsImlhdCI6MTc1MzQyMjkzMSwiZXhwIjoxNzUzNDQwOTMxfQ.IWEh_J4MTZ62qFuX4STvwcHPDjOAWXy8uMiLlA0DaC8Qlyiy_7nCDADtnVXKUEoHvGVRr9VNYAADnCnfA2sp7Q
2025-07-25 11:26:42 [http-nio-8080-exec-5] INFO  c.v.a.s.DeliveryBoyDetailService - Loading user by email: nishant@gmail.com
2025-07-25 11:26:42 [http-nio-8080-exec-5] INFO  com.vss.app.security.JwtHelper - Token validation result for user nishant@gmail.com : true
2025-07-25 11:26:42 [http-nio-8080-exec-5] INFO  c.v.a.s.JwtAuthenticationFilter - JWT Token validated successfully, authentication set for user: nishant@gmail.com
2025-07-25 11:26:42 [http-nio-8080-exec-5] INFO  com.vss.app.service.OrderService - Marking order order_QxBpDr0FO4x9pq as delivered by nishant@gmail.com
2025-07-25 11:26:42 [http-nio-8080-exec-5] INFO  com.vss.app.service.OrderService - Order order_QxBpDr0FO4x9pq successfully marked as delivered by nishant@gmail.com
2025-07-25 11:26:44 [http-nio-8080-exec-2] INFO  c.v.a.s.JwtAuthenticationFilter - Authorization Header: Bearer eyJhbGciOiJIUzUxMiJ9.eyJzdWIiOiJuaXNoYW50QGdtYWlsLmNvbSIsImlhdCI6MTc1MzQyMjkzMSwiZXhwIjoxNzUzNDQwOTMxfQ.IWEh_J4MTZ62qFuX4STvwcHPDjOAWXy8uMiLlA0DaC8Qlyiy_7nCDADtnVXKUEoHvGVRr9VNYAADnCnfA2sp7Q
2025-07-25 11:26:44 [http-nio-8080-exec-2] INFO  c.v.a.s.DeliveryBoyDetailService - Loading user by email: nishant@gmail.com
2025-07-25 11:26:44 [http-nio-8080-exec-2] INFO  com.vss.app.security.JwtHelper - Token validation result for user nishant@gmail.com : true
2025-07-25 11:26:44 [http-nio-8080-exec-2] INFO  c.v.a.s.JwtAuthenticationFilter - JWT Token validated successfully, authentication set for user: nishant@gmail.com
2025-07-25 11:26:44 [http-nio-8080-exec-2] INFO  c.vss.app.controller.OrderController - Fetching all orders for delivery boy nishant@gmail.com
2025-07-25 11:26:44 [http-nio-8080-exec-2] INFO  com.vss.app.service.OrderService - Fetched order 688319e09ef164ea483143df for delivery
2025-07-25 11:26:44 [http-nio-8080-exec-2] INFO  com.vss.app.service.OrderService - Fetched 1 orders for delivery boy nishant@gmail.com
2025-07-25 11:26:46 [http-nio-8080-exec-8] INFO  c.v.a.s.JwtAuthenticationFilter - Authorization Header: Bearer eyJhbGciOiJIUzUxMiJ9.eyJzdWIiOiJuaXNoYW50QGdtYWlsLmNvbSIsImlhdCI6MTc1MzQyMjkzMSwiZXhwIjoxNzUzNDQwOTMxfQ.IWEh_J4MTZ62qFuX4STvwcHPDjOAWXy8uMiLlA0DaC8Qlyiy_7nCDADtnVXKUEoHvGVRr9VNYAADnCnfA2sp7Q
2025-07-25 11:26:46 [http-nio-8080-exec-8] INFO  c.v.a.s.DeliveryBoyDetailService - Loading user by email: nishant@gmail.com
2025-07-25 11:26:46 [http-nio-8080-exec-8] INFO  com.vss.app.security.JwtHelper - Token validation result for user nishant@gmail.com : true
2025-07-25 11:26:46 [http-nio-8080-exec-8] INFO  c.v.a.s.JwtAuthenticationFilter - JWT Token validated successfully, authentication set for user: nishant@gmail.com
2025-07-25 11:26:46 [http-nio-8080-exec-8] INFO  com.vss.app.service.OrderService - Fetching delivered orders for delivery boy with email: nishant@gmail.com
2025-07-25 11:26:46 [http-nio-8080-exec-8] INFO  com.vss.app.service.OrderService - Found 1 delivered orders for delivery boy ID: 68831200f1b4ec961b2db2ef
2025-07-25 11:26:46 [http-nio-8080-exec-8] INFO  c.vss.app.controller.OrderController - Fetched 1 delivered orders for user nishant@gmail.com
2025-07-25 11:27:41 [http-nio-8080-exec-3] INFO  c.v.a.s.JwtAuthenticationFilter - Authorization Header: null
2025-07-25 11:27:41 [http-nio-8080-exec-3] INFO  c.v.a.s.JwtAuthenticationFilter - Invalid Authorization header value or header missing
2025-07-25 11:27:41 [http-nio-8080-exec-3] WARN  c.v.a.s.JwtAuthenticationEntryPoint - Unauthorized access attempt: Full authentication is required to access this resource
2025-07-25 11:27:46 [SpringApplicationShutdownHook] INFO  o.s.b.w.e.tomcat.GracefulShutdown - Commencing graceful shutdown. Waiting for active requests to complete
2025-07-25 11:27:46 [tomcat-shutdown] INFO  o.s.b.w.e.tomcat.GracefulShutdown - Graceful shutdown complete
