
  .   ____          _            __ _ _
 /\\ / ___'_ __ _ _(_)_ __  __ _ \ \ \ \
( ( )\___ | '_ | '_| | '_ \/ _` | \ \ \ \
 \\/  ___)| |_)| | | | | || (_| |  ) ) ) )
  '  |____| .__|_| |_|_| |_\__, | / / / /
 =========|_|==============|___/=/_/_/_/

 :: Spring Boot ::                (v3.5.3)

2025-08-04T10:43:05.168+05:30  INFO 16132 --- [DieliveryBoy] [           main] com.vss.app.DieliveryBoyApplication      : Starting DieliveryBoyApplication v1.0 using Java 23.0.1 with PID 16132 (D:\Workspace\E-Commerce\DieliveryBoy-1.0.jar started by visha in D:\Workspace\E-Commerce)
2025-08-04T10:43:05.200+05:30  INFO 16132 --- [DieliveryBoy] [           main] com.vss.app.DieliveryBoyApplication      : No active profile set, falling back to 1 default profile: "default"
2025-08-04T10:43:11.093+05:30  INFO 16132 --- [DieliveryBoy] [           main] .s.d.r.c.RepositoryConfigurationDelegate : Bootstrapping Spring Data MongoDB repositories in DEFAULT mode.
2025-08-04T10:43:11.424+05:30  INFO 16132 --- [DieliveryBoy] [           main] .s.d.r.c.RepositoryConfigurationDelegate : Finished Spring Data repository scanning in 310 ms. Found 5 MongoDB repository interfaces.
2025-08-04T10:43:14.272+05:30  INFO 16132 --- [DieliveryBoy] [           main] o.s.b.w.embedded.tomcat.TomcatWebServer  : Tomcat initialized with port 8081 (http)
2025-08-04T10:43:14.356+05:30  INFO 16132 --- [DieliveryBoy] [           main] o.apache.catalina.core.StandardService   : Starting service [Tomcat]
2025-08-04T10:43:14.357+05:30  INFO 16132 --- [DieliveryBoy] [           main] o.apache.catalina.core.StandardEngine    : Starting Servlet engine: [Apache Tomcat/10.1.42]
2025-08-04T10:43:14.579+05:30  INFO 16132 --- [DieliveryBoy] [           main] o.a.c.c.C.[Tomcat].[localhost].[/]       : Initializing Spring embedded WebApplicationContext
2025-08-04T10:43:14.581+05:30  INFO 16132 --- [DieliveryBoy] [           main] w.s.c.ServletWebServerApplicationContext : Root WebApplicationContext: initialization completed in 9172 ms
2025-08-04T10:43:15.522+05:30  INFO 16132 --- [DieliveryBoy] [           main] org.mongodb.driver.client                : MongoClient with metadata {"driver": {"name": "mongo-java-driver|sync|spring-boot", "version": "5.5.1"}, "os": {"type": "Windows", "name": "Windows 11", "architecture": "amd64", "version": "10.0"}, "platform": "Java/Oracle Corporation/23.0.1+11-39"} created with settings MongoClientSettings{readPreference=primary, writeConcern=WriteConcern{w=null, wTimeout=null ms, journal=null}, retryWrites=true, retryReads=true, readConcern=ReadConcern{level=null}, credential=null, transportSettings=null, commandListeners=[], codecRegistry=ProvidersCodecRegistry{codecProviders=[ValueCodecProvider{}, BsonValueCodecProvider{}, DBRefCodecProvider{}, DBObjectCodecProvider{}, DocumentCodecProvider{}, CollectionCodecProvider{}, IterableCodecProvider{}, MapCodecProvider{}, GeoJsonCodecProvider{}, GridFSFileCodecProvider{}, Jsr310CodecProvider{}, JsonObjectCodecProvider{}, BsonCodecProvider{}, EnumCodecProvider{}, com.mongodb.client.model.mql.ExpressionCodecProvider@5974b7e8, com.mongodb.Jep395RecordCodecProvider@2839e3c8, com.mongodb.KotlinCodecProvider@66bf40e5]}, loggerSettings=LoggerSettings{maxDocumentLength=1000}, clusterSettings={hosts=[localhost:27017], srvServiceName=mongodb, mode=SINGLE, requiredClusterType=UNKNOWN, requiredReplicaSetName='null', serverSelector='null', clusterListeners='[]', serverSelectionTimeout='30000 ms', localThreshold='15 ms'}, socketSettings=SocketSettings{connectTimeoutMS=10000, readTimeoutMS=0, receiveBufferSize=0, proxySettings=ProxySettings{host=null, port=null, username=null, password=null}}, heartbeatSocketSettings=SocketSettings{connectTimeoutMS=10000, readTimeoutMS=10000, receiveBufferSize=0, proxySettings=ProxySettings{host=null, port=null, username=null, password=null}}, connectionPoolSettings=ConnectionPoolSettings{maxSize=100, minSize=0, maxWaitTimeMS=120000, maxConnectionLifeTimeMS=0, maxConnectionIdleTimeMS=0, maintenanceInitialDelayMS=0, maintenanceFrequencyMS=60000, connectionPoolListeners=[], maxConnecting=2}, serverSettings=ServerSettings{heartbeatFrequencyMS=10000, minHeartbeatFrequencyMS=500, serverMonitoringMode=AUTO, serverListeners='[]', serverMonitorListeners='[]'}, sslSettings=SslSettings{enabled=false, invalidHostNameAllowed=false, context=null}, applicationName='null', compressorList=[], uuidRepresentation=JAVA_LEGACY, serverApi=null, autoEncryptionSettings=null, dnsClient=null, inetAddressResolver=null, contextProvider=null, timeoutMS=null}
2025-08-04T10:43:15.702+05:30  INFO 16132 --- [DieliveryBoy] [localhost:27017] org.mongodb.driver.cluster               : Monitor thread successfully connected to server with description ServerDescription{address=localhost:27017, type=STANDALONE, cryptd=false, state=CONNECTED, ok=true, minWireVersion=0, maxWireVersion=25, maxDocumentSize=16777216, logicalSessionTimeoutMinutes=30, roundTripTimeNanos=126102600, minRoundTripTimeNanos=0}
2025-08-04T10:43:19.631+05:30  INFO 16132 --- [DieliveryBoy] [           main] com.vss.app.config.AppConfig             : Initializing AuthenticationManager bean from AuthenticationConfiguration
2025-08-04T10:43:19.953+05:30  INFO 16132 --- [DieliveryBoy] [           main] com.vss.app.config.AppConfig             : Initializing BCryptPasswordEncoder bean
2025-08-04T10:43:20.013+05:30  INFO 16132 --- [DieliveryBoy] [           main] r$InitializeUserDetailsManagerConfigurer : Global AuthenticationManager configured with UserDetailsService bean with name deliveryBoyDetailService
2025-08-04T10:43:20.937+05:30  INFO 16132 --- [DieliveryBoy] [           main] com.vss.app.config.SecurityConfig        : Initializing security filter chain...
2025-08-04T10:43:20.943+05:30  INFO 16132 --- [DieliveryBoy] [           main] com.vss.app.config.SecurityConfig        : CORS support enabled in Spring Security
2025-08-04T10:43:20.993+05:30  INFO 16132 --- [DieliveryBoy] [           main] com.vss.app.config.SecurityConfig        : Setting security rules for HTTP requests
2025-08-04T10:43:21.120+05:30  INFO 16132 --- [DieliveryBoy] [           main] com.vss.app.config.WebConfig             : Configuring CORS for path pattern '/api/**'
2025-08-04T10:43:21.128+05:30  INFO 16132 --- [DieliveryBoy] [           main] com.vss.app.config.WebConfig             : CORS configuration applied: Origin=http://localhost:5173, Methods=[GET, POST, PUT, DELETE, OPTIONS]
2025-08-04T10:43:21.772+05:30  INFO 16132 --- [DieliveryBoy] [           main] com.vss.app.config.SecurityConfig        : Registering authentication entry point for exception handling
2025-08-04T10:43:21.780+05:30  INFO 16132 --- [DieliveryBoy] [           main] com.vss.app.config.SecurityConfig        : Configuring stateless session management
2025-08-04T10:43:21.789+05:30  INFO 16132 --- [DieliveryBoy] [           main] com.vss.app.config.SecurityConfig        : JWT authentication filter registered
2025-08-04T10:43:21.944+05:30  INFO 16132 --- [DieliveryBoy] [           main] com.vss.app.config.SecurityConfig        : Defining CORS configuration source...
2025-08-04T10:43:21.947+05:30  INFO 16132 --- [DieliveryBoy] [           main] com.vss.app.config.SecurityConfig        : CORS allowed origins: [http://localhost:80, http://localhost]
2025-08-04T10:43:21.965+05:30  INFO 16132 --- [DieliveryBoy] [           main] com.vss.app.config.SecurityConfig        : CORS allowed methods: [GET, POST, PUT, DELETE, OPTIONS, PATCH]
2025-08-04T10:43:21.966+05:30  INFO 16132 --- [DieliveryBoy] [           main] com.vss.app.config.SecurityConfig        : CORS configuration applied to all endpoints
2025-08-04T10:43:23.677+05:30  INFO 16132 --- [DieliveryBoy] [           main] o.s.b.w.embedded.tomcat.TomcatWebServer  : Tomcat started on port 8081 (http) with context path '/'
2025-08-04T10:43:23.812+05:30  INFO 16132 --- [DieliveryBoy] [           main] com.vss.app.DieliveryBoyApplication      : Started DieliveryBoyApplication in 22.056 seconds (process running for 24.297)
