
  .   ____          _            __ _ _
 /\\ / ___'_ __ _ _(_)_ __  __ _ \ \ \ \
( ( )\___ | '_ | '_| | '_ \/ _` | \ \ \ \
 \\/  ___)| |_)| | | | | || (_| |  ) ) ) )
  '  |____| .__|_| |_|_| |_\__, | / / / /
 =========|_|==============|___/=/_/_/_/

 :: Spring Boot ::                (v3.5.3)

2025-08-05T13:24:07.943+05:30  INFO 7464 --- [E-comm-user] [           main] com.vss.app.ECommUserApplication         : Starting ECommUserApplication v1.0 using Java 23.0.1 with PID 7464 (D:\Workspace\E-Commerce\E-comm-user-1.0.jar started by visha in D:\Workspace\E-Commerce)
2025-08-05T13:24:07.948+05:30  INFO 7464 --- [E-comm-user] [           main] com.vss.app.ECommUserApplication         : No active profile set, falling back to 1 default profile: "default"
2025-08-05T13:24:08.781+05:30  INFO 7464 --- [E-comm-user] [           main] .s.d.r.c.RepositoryConfigurationDelegate : Bootstrapping Spring Data MongoDB repositories in DEFAULT mode.
2025-08-05T13:24:08.846+05:30  INFO 7464 --- [E-comm-user] [           main] .s.d.r.c.RepositoryConfigurationDelegate : Finished Spring Data repository scanning in 58 ms. Found 9 MongoDB repository interfaces.
2025-08-05T13:24:09.451+05:30  INFO 7464 --- [E-comm-user] [           main] o.s.b.w.embedded.tomcat.TomcatWebServer  : Tomcat initialized with port 8083 (http)
2025-08-05T13:24:09.465+05:30  INFO 7464 --- [E-comm-user] [           main] o.apache.catalina.core.StandardService   : Starting service [Tomcat]
2025-08-05T13:24:09.466+05:30  INFO 7464 --- [E-comm-user] [           main] o.apache.catalina.core.StandardEngine    : Starting Servlet engine: [Apache Tomcat/10.1.42]
2025-08-05T13:24:09.494+05:30  INFO 7464 --- [E-comm-user] [           main] o.a.c.c.C.[Tomcat].[localhost].[/]       : Initializing Spring embedded WebApplicationContext
2025-08-05T13:24:09.495+05:30  INFO 7464 --- [E-comm-user] [           main] w.s.c.ServletWebServerApplicationContext : Root WebApplicationContext: initialization completed in 1459 ms
2025-08-05T13:24:09.704+05:30  INFO 7464 --- [E-comm-user] [           main] org.mongodb.driver.client                : MongoClient with metadata {"driver": {"name": "mongo-java-driver|sync|spring-boot", "version": "5.5.1"}, "os": {"type": "Windows", "name": "Windows 11", "architecture": "amd64", "version": "10.0"}, "platform": "Java/Oracle Corporation/23.0.1+11-39"} created with settings MongoClientSettings{readPreference=primary, writeConcern=WriteConcern{w=null, wTimeout=null ms, journal=null}, retryWrites=true, retryReads=true, readConcern=ReadConcern{level=null}, credential=null, transportSettings=null, commandListeners=[], codecRegistry=ProvidersCodecRegistry{codecProviders=[ValueCodecProvider{}, BsonValueCodecProvider{}, DBRefCodecProvider{}, DBObjectCodecProvider{}, DocumentCodecProvider{}, CollectionCodecProvider{}, IterableCodecProvider{}, MapCodecProvider{}, GeoJsonCodecProvider{}, GridFSFileCodecProvider{}, Jsr310CodecProvider{}, JsonObjectCodecProvider{}, BsonCodecProvider{}, EnumCodecProvider{}, com.mongodb.client.model.mql.ExpressionCodecProvider@3e39baf0, com.mongodb.Jep395RecordCodecProvider@83bb0f, com.mongodb.KotlinCodecProvider@25a94b55]}, loggerSettings=LoggerSettings{maxDocumentLength=1000}, clusterSettings={hosts=[localhost:27017], srvServiceName=mongodb, mode=SINGLE, requiredClusterType=UNKNOWN, requiredReplicaSetName='null', serverSelector='null', clusterListeners='[]', serverSelectionTimeout='30000 ms', localThreshold='15 ms'}, socketSettings=SocketSettings{connectTimeoutMS=10000, readTimeoutMS=0, receiveBufferSize=0, proxySettings=ProxySettings{host=null, port=null, username=null, password=null}}, heartbeatSocketSettings=SocketSettings{connectTimeoutMS=10000, readTimeoutMS=10000, receiveBufferSize=0, proxySettings=ProxySettings{host=null, port=null, username=null, password=null}}, connectionPoolSettings=ConnectionPoolSettings{maxSize=100, minSize=0, maxWaitTimeMS=120000, maxConnectionLifeTimeMS=0, maxConnectionIdleTimeMS=0, maintenanceInitialDelayMS=0, maintenanceFrequencyMS=60000, connectionPoolListeners=[], maxConnecting=2}, serverSettings=ServerSettings{heartbeatFrequencyMS=10000, minHeartbeatFrequencyMS=500, serverMonitoringMode=AUTO, serverListeners='[]', serverMonitorListeners='[]'}, sslSettings=SslSettings{enabled=false, invalidHostNameAllowed=false, context=null}, applicationName='null', compressorList=[], uuidRepresentation=JAVA_LEGACY, serverApi=null, autoEncryptionSettings=null, dnsClient=null, inetAddressResolver=null, contextProvider=null, timeoutMS=null}
2025-08-05T13:24:09.730+05:30  INFO 7464 --- [E-comm-user] [localhost:27017] org.mongodb.driver.cluster               : Monitor thread successfully connected to server with description ServerDescription{address=localhost:27017, type=STANDALONE, cryptd=false, state=CONNECTED, ok=true, minWireVersion=0, maxWireVersion=25, maxDocumentSize=16777216, logicalSessionTimeoutMinutes=30, roundTripTimeNanos=25761200, minRoundTripTimeNanos=0}
2025-08-05T13:24:10.358+05:30  INFO 7464 --- [E-comm-user] [           main] com.vss.app.Service.EmailService         : Email service created !
2025-08-05T13:24:10.414+05:30  INFO 7464 --- [E-comm-user] [           main] com.vss.app.Service.ProductService       : ProductService initialized with ProductRepository
2025-08-05T13:24:10.416+05:30  INFO 7464 --- [E-comm-user] [           main] com.vss.app.config.AppConfig             : Initializing BCryptPasswordEncoder bean
2025-08-05T13:24:10.419+05:30  INFO 7464 --- [E-comm-user] [           main] com.vss.app.Service.UserService          : User service created !
2025-08-05T13:24:10.422+05:30  INFO 7464 --- [E-comm-user] [           main] com.vss.app.config.SecurityConfig        : SecurityConfig initialized
2025-08-05T13:24:10.444+05:30  INFO 7464 --- [E-comm-user] [           main] com.vss.app.Service.EmailService         : Random method called
2025-08-05T13:24:10.460+05:30  INFO 7464 --- [E-comm-user] [           main] com.vss.app.config.AppConfig             : Initializing AuthenticationManager bean from AuthenticationConfiguration
2025-08-05T13:24:10.495+05:30  INFO 7464 --- [E-comm-user] [           main] r$InitializeUserDetailsManagerConfigurer : Global AuthenticationManager configured with UserDetailsService bean with name customeUserDetailsService
2025-08-05T13:24:10.499+05:30  INFO 7464 --- [E-comm-user] [           main] com.vss.app.controller.UserController    : UserController created!
2025-08-05T13:24:10.586+05:30  INFO 7464 --- [E-comm-user] [           main] com.vss.app.config.SecurityConfig        : Initializing security filter chain...
2025-08-05T13:24:10.587+05:30  INFO 7464 --- [E-comm-user] [           main] com.vss.app.config.SecurityConfig        : CORS support enabled in Spring Security
2025-08-05T13:24:10.594+05:30  INFO 7464 --- [E-comm-user] [           main] com.vss.app.config.SecurityConfig        : Setting security rules for HTTP requests
2025-08-05T13:24:10.615+05:30  INFO 7464 --- [E-comm-user] [           main] com.vss.app.config.WebConfig             : Configuring CORS for path pattern '/api/**'
2025-08-05T13:24:10.617+05:30  INFO 7464 --- [E-comm-user] [           main] com.vss.app.config.WebConfig             : CORS configuration applied: Origin=http://localhost:80, Methods=[GET, POST, PUT, DELETE, OPTIONS]
2025-08-05T13:24:10.796+05:30  INFO 7464 --- [E-comm-user] [           main] com.vss.app.config.SecurityConfig        : Registering authentication entry point for exception handling
2025-08-05T13:24:10.798+05:30  INFO 7464 --- [E-comm-user] [           main] com.vss.app.config.SecurityConfig        : Configuring stateless session management
2025-08-05T13:24:10.799+05:30  INFO 7464 --- [E-comm-user] [           main] com.vss.app.config.SecurityConfig        : JWT authentication filter registered
2025-08-05T13:24:10.828+05:30  INFO 7464 --- [E-comm-user] [           main] com.vss.app.config.SecurityConfig        : Defining CORS configuration source...
2025-08-05T13:24:10.828+05:30  INFO 7464 --- [E-comm-user] [           main] com.vss.app.config.SecurityConfig        : CORS allowed origins: [http://localhost:80, http://localhost]
2025-08-05T13:24:10.831+05:30  INFO 7464 --- [E-comm-user] [           main] com.vss.app.config.SecurityConfig        : CORS allowed methods: [GET, POST, PUT, DELETE, OPTIONS, PATCH]
2025-08-05T13:24:10.832+05:30  INFO 7464 --- [E-comm-user] [           main] com.vss.app.config.SecurityConfig        : CORS configuration applied to all endpoints
2025-08-05T13:24:10.873+05:30  INFO 7464 --- [E-comm-user] [           main] o.s.v.b.OptionalValidatorFactoryBean     : Failed to set up a Bean Validation provider: jakarta.validation.NoProviderFoundException: Unable to create a Configuration, because no Jakarta Bean Validation provider could be found. Add a provider like Hibernate Validator (RI) to your classpath.
2025-08-05T13:24:11.108+05:30  WARN 7464 --- [E-comm-user] [           main] ConfigServletWebServerApplicationContext : Exception encountered during context initialization - cancelling refresh attempt: org.springframework.context.ApplicationContextException: Failed to start bean 'webServerStartStop'
2025-08-05T13:24:11.130+05:30  INFO 7464 --- [E-comm-user] [           main] .s.b.a.l.ConditionEvaluationReportLogger : 

Error starting ApplicationContext. To display the condition evaluation report re-run your application with 'debug' enabled.
2025-08-05T13:24:11.154+05:30 ERROR 7464 --- [E-comm-user] [           main] o.s.b.d.LoggingFailureAnalysisReporter   : 

***************************
APPLICATION FAILED TO START
***************************

Description:

Web server failed to start. Port 8083 was already in use.

Action:

Identify and stop the process that's listening on port 8083 or configure this application to listen on another port.

