| INFO |  ---   2025-08-05 13:02:20.830+05:30 --- [ main ]   [ com.vss.app.ECommerceApplication ] : Starting ECommerceApplication v1.0 using Java 23.0.1 with PID 16876 (D:\Workspace\E-Commerce\E-commerce-1.0.jar started by visha in D:\Workspace\E-Commerce)
| INFO |  ---   2025-08-05 13:02:20.860+05:30 --- [ main ]   [ com.vss.app.ECommerceApplication ] : No active profile set, falling back to 1 default profile: "default"
| INFO |  ---   2025-08-05 13:02:25.835+05:30 --- [ main ]   [ o.s.d.r.c.RepositoryConfigurationDelegate ] : Bootstrapping Spring Data MongoDB repositories in DEFAULT mode.
| INFO |  ---   2025-08-05 13:02:26.477+05:30 --- [ main ]   [ o.s.d.r.c.RepositoryConfigurationDelegate ] : Finished Spring Data repository scanning in 622 ms. Found 9 MongoDB repository interfaces.
| INFO |  ---   2025-08-05 13:02:30.072+05:30 --- [ main ]   [ o.s.b.w.e.tomcat.TomcatWebServer ] : Tomcat initialized with port 8084 (http)
| INFO |  ---   2025-08-05 13:02:30.221+05:30 --- [ main ]   [ o.a.catalina.core.StandardService ] : Starting service [Tomcat]
| INFO |  ---   2025-08-05 13:02:30.222+05:30 --- [ main ]   [ o.a.catalina.core.StandardEngine ] : Starting Servlet engine: [Apache Tomcat/10.1.42]
| INFO |  ---   2025-08-05 13:02:30.355+05:30 --- [ main ]   [ o.a.c.c.C.[Tomcat].[localhost].[/] ] : Initializing Spring embedded WebApplicationContext
| INFO |  ---   2025-08-05 13:02:30.360+05:30 --- [ main ]   [ o.s.b.w.s.c.ServletWebServerApplicationContext ] : Root WebApplicationContext: initialization completed in 9040 ms
| INFO |  ---   2025-08-05 13:02:31.347+05:30 --- [ main ]   [ org.mongodb.driver.client ] : MongoClient with metadata {"driver": {"name": "mongo-java-driver|sync|spring-boot", "version": "5.5.1"}, "os": {"type": "Windows", "name": "Windows 11", "architecture": "amd64", "version": "10.0"}, "platform": "Java/Oracle Corporation/23.0.1+11-39"} created with settings MongoClientSettings{readPreference=primary, writeConcern=WriteConcern{w=null, wTimeout=null ms, journal=null}, retryWrites=true, retryReads=true, readConcern=ReadConcern{level=null}, credential=null, transportSettings=null, commandListeners=[], codecRegistry=ProvidersCodecRegistry{codecProviders=[ValueCodecProvider{}, BsonValueCodecProvider{}, DBRefCodecProvider{}, DBObjectCodecProvider{}, DocumentCodecProvider{}, CollectionCodecProvider{}, IterableCodecProvider{}, MapCodecProvider{}, GeoJsonCodecProvider{}, GridFSFileCodecProvider{}, Jsr310CodecProvider{}, JsonObjectCodecProvider{}, BsonCodecProvider{}, EnumCodecProvider{}, com.mongodb.client.model.mql.ExpressionCodecProvider@77f4c040, com.mongodb.Jep395RecordCodecProvider@606a1bc4, com.mongodb.KotlinCodecProvider@6a15b73]}, loggerSettings=LoggerSettings{maxDocumentLength=1000}, clusterSettings={hosts=[localhost:27017], srvServiceName=mongodb, mode=SINGLE, requiredClusterType=UNKNOWN, requiredReplicaSetName='null', serverSelector='null', clusterListeners='[]', serverSelectionTimeout='30000 ms', localThreshold='15 ms'}, socketSettings=SocketSettings{connectTimeoutMS=10000, readTimeoutMS=0, receiveBufferSize=0, proxySettings=ProxySettings{host=null, port=null, username=null, password=null}}, heartbeatSocketSettings=SocketSettings{connectTimeoutMS=10000, readTimeoutMS=10000, receiveBufferSize=0, proxySettings=ProxySettings{host=null, port=null, username=null, password=null}}, connectionPoolSettings=ConnectionPoolSettings{maxSize=100, minSize=0, maxWaitTimeMS=120000, maxConnectionLifeTimeMS=0, maxConnectionIdleTimeMS=0, maintenanceInitialDelayMS=0, maintenanceFrequencyMS=60000, connectionPoolListeners=[], maxConnecting=2}, serverSettings=ServerSettings{heartbeatFrequencyMS=10000, minHeartbeatFrequencyMS=500, serverMonitoringMode=AUTO, serverListeners='[]', serverMonitorListeners='[]'}, sslSettings=SslSettings{enabled=false, invalidHostNameAllowed=false, context=null}, applicationName='null', compressorList=[], uuidRepresentation=JAVA_LEGACY, serverApi=null, autoEncryptionSettings=null, dnsClient=null, inetAddressResolver=null, contextProvider=null, timeoutMS=null}
| INFO |  ---   2025-08-05 13:02:31.559+05:30 --- [ cluster-ClusterId{value='6891b38e17204b217543ddc4', description='null'}-localhost:27017 ]   [ org.mongodb.driver.cluster ] : Monitor thread successfully connected to server with description ServerDescription{address=localhost:27017, type=STANDALONE, cryptd=false, state=CONNECTED, ok=true, minWireVersion=0, maxWireVersion=25, maxDocumentSize=16777216, logicalSessionTimeoutMinutes=30, roundTripTimeNanos=126312200, minRoundTripTimeNanos=0}
| INFO |  ---   2025-08-05 13:02:34.098+05:30 --- [ main ]   [ com.vss.app.service.AdminService ] : Admin service created !
| INFO |  ---   2025-08-05 13:02:34.102+05:30 --- [ main ]   [ c.vss.app.controller.AdminController ] : AdminController created !
| INFO |  ---   2025-08-05 13:02:34.302+05:30 --- [ main ]   [ com.vss.app.service.CategoryService ] : CategoryService initialized
| INFO |  ---   2025-08-05 13:02:34.304+05:30 --- [ main ]   [ c.v.a.controller.CategoryController ] : CategoryController initialized
| INFO |  ---   2025-08-05 13:02:34.584+05:30 --- [ main ]   [ c.vss.app.service.DeliveryBoyService ] : DeliveryBoy service created !
| INFO |  ---   2025-08-05 13:02:34.585+05:30 --- [ main ]   [ c.v.a.c.DeliveryBoyController ] : DeliveryBoyController created !
| INFO |  ---   2025-08-05 13:02:34.737+05:30 --- [ main ]   [ c.v.app.controller.VendorController ] : VendorController initialized
| INFO |  ---   2025-08-05 13:02:34.741+05:30 --- [ main ]   [ com.vss.app.config.AppConfig ] : Initializing BCryptPasswordEncoder bean
| INFO |  ---   2025-08-05 13:02:34.765+05:30 --- [ main ]   [ com.vss.app.config.AppConfig ] : Initializing AuthenticationManager bean from AuthenticationConfiguration
| INFO |  ---   2025-08-05 13:02:34.960+05:30 --- [ main ]   [ o.s.s.c.a.a.c.InitializeUserDetailsBeanManagerConfigurer$InitializeUserDetailsManagerConfigurer ] : Global AuthenticationManager configured with UserDetailsService bean with name vendorDetailsService
| INFO |  ---   2025-08-05 13:02:34.996+05:30 --- [ main ]   [ com.vss.app.service.UserService ] : User service created !
| INFO |  ---   2025-08-05 13:02:35.588+05:30 --- [ main ]   [ com.vss.app.config.SecurityConfig ] : Initializing security filter chain...
| INFO |  ---   2025-08-05 13:02:35.591+05:30 --- [ main ]   [ com.vss.app.config.SecurityConfig ] : Defining CORS configuration source...
| INFO |  ---   2025-08-05 13:02:35.597+05:30 --- [ main ]   [ com.vss.app.config.SecurityConfig ] : CORS allowed origins: [http://localhost, http://localhost:80, http://localhost:3000, http://localhost:5173]
| INFO |  ---   2025-08-05 13:02:35.601+05:30 --- [ main ]   [ com.vss.app.config.SecurityConfig ] : CORS allowed methods: [GET, POST, PUT, DELETE, OPTIONS, PATCH]
| INFO |  ---   2025-08-05 13:02:35.603+05:30 --- [ main ]   [ com.vss.app.config.SecurityConfig ] : CORS configuration applied to all endpoints
| INFO |  ---   2025-08-05 13:02:35.631+05:30 --- [ main ]   [ com.vss.app.config.SecurityConfig ] : Setting security rules for HTTP requests
| INFO |  ---   2025-08-05 13:02:35.751+05:30 --- [ main ]   [ com.vss.app.config.WebConfig ] : Configuring CORS for path pattern '/api/**'
| INFO |  ---   2025-08-05 13:02:35.754+05:30 --- [ main ]   [ com.vss.app.config.WebConfig ] : CORS configuration applied: Origin=http://localhost:80, Methods=[GET, POST, PUT, DELETE, OPTIONS]
| INFO |  ---   2025-08-05 13:02:36.486+05:30 --- [ main ]   [ com.vss.app.config.SecurityConfig ] : Registering authentication entry point for exception handling
| INFO |  ---   2025-08-05 13:02:36.488+05:30 --- [ main ]   [ com.vss.app.config.SecurityConfig ] : Configuring stateless session management
| INFO |  ---   2025-08-05 13:02:36.490+05:30 --- [ main ]   [ com.vss.app.config.SecurityConfig ] : JWT authentication filter registered
| INFO |  ---   2025-08-05 13:02:38.652+05:30 --- [ main ]   [ o.s.b.w.e.tomcat.TomcatWebServer ] : Tomcat started on port 8084 (http) with context path '/'
| INFO |  ---   2025-08-05 13:02:38.734+05:30 --- [ main ]   [ com.vss.app.ECommerceApplication ] : Started ECommerceApplication in 20.1 seconds (process running for 22.505)
| INFO |  ---   2025-08-05 13:20:43.401+05:30 --- [ main ]   [ com.vss.app.ECommerceApplication ] : Starting ECommerceApplication v1.0 using Java 23.0.1 with PID 12948 (D:\Workspace\E-Commerce\E-commerce-1.0.jar started by visha in D:\Workspace\E-Commerce)
| INFO |  ---   2025-08-05 13:20:43.412+05:30 --- [ main ]   [ com.vss.app.ECommerceApplication ] : No active profile set, falling back to 1 default profile: "default"
| INFO |  ---   2025-08-05 13:20:48.702+05:30 --- [ main ]   [ o.s.d.r.c.RepositoryConfigurationDelegate ] : Bootstrapping Spring Data MongoDB repositories in DEFAULT mode.
| INFO |  ---   2025-08-05 13:20:49.260+05:30 --- [ main ]   [ o.s.d.r.c.RepositoryConfigurationDelegate ] : Finished Spring Data repository scanning in 527 ms. Found 9 MongoDB repository interfaces.
| INFO |  ---   2025-08-05 13:20:52.215+05:30 --- [ main ]   [ o.s.b.w.e.tomcat.TomcatWebServer ] : Tomcat initialized with port 8084 (http)
| INFO |  ---   2025-08-05 13:20:52.293+05:30 --- [ main ]   [ o.a.catalina.core.StandardService ] : Starting service [Tomcat]
| INFO |  ---   2025-08-05 13:20:52.294+05:30 --- [ main ]   [ o.a.catalina.core.StandardEngine ] : Starting Servlet engine: [Apache Tomcat/10.1.42]
| INFO |  ---   2025-08-05 13:20:52.407+05:30 --- [ main ]   [ o.a.c.c.C.[Tomcat].[localhost].[/] ] : Initializing Spring embedded WebApplicationContext
| INFO |  ---   2025-08-05 13:20:52.409+05:30 --- [ main ]   [ o.s.b.w.s.c.ServletWebServerApplicationContext ] : Root WebApplicationContext: initialization completed in 8162 ms
| INFO |  ---   2025-08-05 13:20:53.558+05:30 --- [ main ]   [ org.mongodb.driver.client ] : MongoClient with metadata {"driver": {"name": "mongo-java-driver|sync|spring-boot", "version": "5.5.1"}, "os": {"type": "Windows", "name": "Windows 11", "architecture": "amd64", "version": "10.0"}, "platform": "Java/Oracle Corporation/23.0.1+11-39"} created with settings MongoClientSettings{readPreference=primary, writeConcern=WriteConcern{w=null, wTimeout=null ms, journal=null}, retryWrites=true, retryReads=true, readConcern=ReadConcern{level=null}, credential=null, transportSettings=null, commandListeners=[], codecRegistry=ProvidersCodecRegistry{codecProviders=[ValueCodecProvider{}, BsonValueCodecProvider{}, DBRefCodecProvider{}, DBObjectCodecProvider{}, DocumentCodecProvider{}, CollectionCodecProvider{}, IterableCodecProvider{}, MapCodecProvider{}, GeoJsonCodecProvider{}, GridFSFileCodecProvider{}, Jsr310CodecProvider{}, JsonObjectCodecProvider{}, BsonCodecProvider{}, EnumCodecProvider{}, com.mongodb.client.model.mql.ExpressionCodecProvider@29a33620, com.mongodb.Jep395RecordCodecProvider@ea04cab, com.mongodb.KotlinCodecProvider@134f8ef6]}, loggerSettings=LoggerSettings{maxDocumentLength=1000}, clusterSettings={hosts=[localhost:27017], srvServiceName=mongodb, mode=SINGLE, requiredClusterType=UNKNOWN, requiredReplicaSetName='null', serverSelector='null', clusterListeners='[]', serverSelectionTimeout='30000 ms', localThreshold='15 ms'}, socketSettings=SocketSettings{connectTimeoutMS=10000, readTimeoutMS=0, receiveBufferSize=0, proxySettings=ProxySettings{host=null, port=null, username=null, password=null}}, heartbeatSocketSettings=SocketSettings{connectTimeoutMS=10000, readTimeoutMS=10000, receiveBufferSize=0, proxySettings=ProxySettings{host=null, port=null, username=null, password=null}}, connectionPoolSettings=ConnectionPoolSettings{maxSize=100, minSize=0, maxWaitTimeMS=120000, maxConnectionLifeTimeMS=0, maxConnectionIdleTimeMS=0, maintenanceInitialDelayMS=0, maintenanceFrequencyMS=60000, connectionPoolListeners=[], maxConnecting=2}, serverSettings=ServerSettings{heartbeatFrequencyMS=10000, minHeartbeatFrequencyMS=500, serverMonitoringMode=AUTO, serverListeners='[]', serverMonitorListeners='[]'}, sslSettings=SslSettings{enabled=false, invalidHostNameAllowed=false, context=null}, applicationName='null', compressorList=[], uuidRepresentation=JAVA_LEGACY, serverApi=null, autoEncryptionSettings=null, dnsClient=null, inetAddressResolver=null, contextProvider=null, timeoutMS=null}
| INFO |  ---   2025-08-05 13:20:53.650+05:30 --- [ cluster-ClusterId{value='6891b7dcfff329e1ed376e47', description='null'}-localhost:27017 ]   [ org.mongodb.driver.cluster ] : Monitor thread successfully connected to server with description ServerDescription{address=localhost:27017, type=STANDALONE, cryptd=false, state=CONNECTED, ok=true, minWireVersion=0, maxWireVersion=25, maxDocumentSize=16777216, logicalSessionTimeoutMinutes=30, roundTripTimeNanos=94592500, minRoundTripTimeNanos=0}
| INFO |  ---   2025-08-05 13:20:57.984+05:30 --- [ main ]   [ com.vss.app.service.AdminService ] : Admin service created !
| INFO |  ---   2025-08-05 13:20:57.989+05:30 --- [ main ]   [ c.vss.app.controller.AdminController ] : AdminController created !
| INFO |  ---   2025-08-05 13:20:58.085+05:30 --- [ main ]   [ com.vss.app.service.CategoryService ] : CategoryService initialized
| INFO |  ---   2025-08-05 13:20:58.087+05:30 --- [ main ]   [ c.v.a.controller.CategoryController ] : CategoryController initialized
| INFO |  ---   2025-08-05 13:20:58.401+05:30 --- [ main ]   [ c.vss.app.service.DeliveryBoyService ] : DeliveryBoy service created !
| INFO |  ---   2025-08-05 13:20:58.405+05:30 --- [ main ]   [ c.v.a.c.DeliveryBoyController ] : DeliveryBoyController created !
| INFO |  ---   2025-08-05 13:21:01.666+05:30 --- [ main ]   [ c.v.app.controller.VendorController ] : VendorController initialized
| INFO |  ---   2025-08-05 13:21:01.859+05:30 --- [ main ]   [ com.vss.app.config.AppConfig ] : Initializing BCryptPasswordEncoder bean
| INFO |  ---   2025-08-05 13:21:02.140+05:30 --- [ main ]   [ com.vss.app.config.AppConfig ] : Initializing AuthenticationManager bean from AuthenticationConfiguration
| INFO |  ---   2025-08-05 13:21:02.359+05:30 --- [ main ]   [ o.s.s.c.a.a.c.InitializeUserDetailsBeanManagerConfigurer$InitializeUserDetailsManagerConfigurer ] : Global AuthenticationManager configured with UserDetailsService bean with name vendorDetailsService
| INFO |  ---   2025-08-05 13:21:02.418+05:30 --- [ main ]   [ com.vss.app.service.UserService ] : User service created !
| INFO |  ---   2025-08-05 13:21:02.929+05:30 --- [ main ]   [ com.vss.app.config.SecurityConfig ] : Initializing security filter chain...
| INFO |  ---   2025-08-05 13:21:02.936+05:30 --- [ main ]   [ com.vss.app.config.SecurityConfig ] : Defining CORS configuration source...
| INFO |  ---   2025-08-05 13:21:02.941+05:30 --- [ main ]   [ com.vss.app.config.SecurityConfig ] : CORS allowed origins: [http://localhost, http://localhost:80, http://localhost:3000, http://localhost:5173]
| INFO |  ---   2025-08-05 13:21:02.946+05:30 --- [ main ]   [ com.vss.app.config.SecurityConfig ] : CORS allowed methods: [GET, POST, PUT, DELETE, OPTIONS, PATCH]
| INFO |  ---   2025-08-05 13:21:02.949+05:30 --- [ main ]   [ com.vss.app.config.SecurityConfig ] : CORS configuration applied to all endpoints
| INFO |  ---   2025-08-05 13:21:02.976+05:30 --- [ main ]   [ com.vss.app.config.SecurityConfig ] : Setting security rules for HTTP requests
| INFO |  ---   2025-08-05 13:21:03.041+05:30 --- [ main ]   [ com.vss.app.config.WebConfig ] : Configuring CORS for path pattern '/api/**'
| INFO |  ---   2025-08-05 13:21:03.043+05:30 --- [ main ]   [ com.vss.app.config.WebConfig ] : CORS configuration applied: Origin=http://localhost:80, Methods=[GET, POST, PUT, DELETE, OPTIONS]
| INFO |  ---   2025-08-05 13:21:03.785+05:30 --- [ main ]   [ com.vss.app.config.SecurityConfig ] : Registering authentication entry point for exception handling
| INFO |  ---   2025-08-05 13:21:03.789+05:30 --- [ main ]   [ com.vss.app.config.SecurityConfig ] : Configuring stateless session management
| INFO |  ---   2025-08-05 13:21:03.791+05:30 --- [ main ]   [ com.vss.app.config.SecurityConfig ] : JWT authentication filter registered
| WARN |  ---   2025-08-05 13:21:04.865+05:30 --- [ main ]   [ o.s.b.w.s.c.AnnotationConfigServletWebServerApplicationContext ] : Exception encountered during context initialization - cancelling refresh attempt: org.springframework.context.ApplicationContextException: Failed to start bean 'webServerStartStop'
| INFO |  ---   2025-08-05 13:21:04.964+05:30 --- [ main ]   [ o.s.b.a.l.ConditionEvaluationReportLogger ] : 

Error starting ApplicationContext. To display the condition evaluation report re-run your application with 'debug' enabled.
| ERROR|  ---   2025-08-05 13:21:05.080+05:30 --- [ main ]   [ o.s.b.d.LoggingFailureAnalysisReporter ] : 

***************************
APPLICATION FAILED TO START
***************************

Description:

Web server failed to start. Port 8084 was already in use.

Action:

Identify and stop the process that's listening on port 8084 or configure this application to listen on another port.

| INFO |  ---   2025-08-05 13:24:17.990+05:30 --- [ main ]   [ com.vss.app.ECommerceApplication ] : Starting ECommerceApplication v1.0 using Java 23.0.1 with PID 9372 (D:\Workspace\E-Commerce\E-commerce-1.0.jar started by visha in D:\Workspace\E-Commerce)
| INFO |  ---   2025-08-05 13:24:17.994+05:30 --- [ main ]   [ com.vss.app.ECommerceApplication ] : No active profile set, falling back to 1 default profile: "default"
| INFO |  ---   2025-08-05 13:24:18.812+05:30 --- [ main ]   [ o.s.d.r.c.RepositoryConfigurationDelegate ] : Bootstrapping Spring Data MongoDB repositories in DEFAULT mode.
| INFO |  ---   2025-08-05 13:24:18.893+05:30 --- [ main ]   [ o.s.d.r.c.RepositoryConfigurationDelegate ] : Finished Spring Data repository scanning in 73 ms. Found 9 MongoDB repository interfaces.
| INFO |  ---   2025-08-05 13:24:19.506+05:30 --- [ main ]   [ o.s.b.w.e.tomcat.TomcatWebServer ] : Tomcat initialized with port 8084 (http)
| INFO |  ---   2025-08-05 13:24:19.519+05:30 --- [ main ]   [ o.a.catalina.core.StandardService ] : Starting service [Tomcat]
| INFO |  ---   2025-08-05 13:24:19.519+05:30 --- [ main ]   [ o.a.catalina.core.StandardEngine ] : Starting Servlet engine: [Apache Tomcat/10.1.42]
| INFO |  ---   2025-08-05 13:24:19.545+05:30 --- [ main ]   [ o.a.c.c.C.[Tomcat].[localhost].[/] ] : Initializing Spring embedded WebApplicationContext
| INFO |  ---   2025-08-05 13:24:19.546+05:30 --- [ main ]   [ o.s.b.w.s.c.ServletWebServerApplicationContext ] : Root WebApplicationContext: initialization completed in 1474 ms
| INFO |  ---   2025-08-05 13:24:19.738+05:30 --- [ main ]   [ org.mongodb.driver.client ] : MongoClient with metadata {"driver": {"name": "mongo-java-driver|sync|spring-boot", "version": "5.5.1"}, "os": {"type": "Windows", "name": "Windows 11", "architecture": "amd64", "version": "10.0"}, "platform": "Java/Oracle Corporation/23.0.1+11-39"} created with settings MongoClientSettings{readPreference=primary, writeConcern=WriteConcern{w=null, wTimeout=null ms, journal=null}, retryWrites=true, retryReads=true, readConcern=ReadConcern{level=null}, credential=null, transportSettings=null, commandListeners=[], codecRegistry=ProvidersCodecRegistry{codecProviders=[ValueCodecProvider{}, BsonValueCodecProvider{}, DBRefCodecProvider{}, DBObjectCodecProvider{}, DocumentCodecProvider{}, CollectionCodecProvider{}, IterableCodecProvider{}, MapCodecProvider{}, GeoJsonCodecProvider{}, GridFSFileCodecProvider{}, Jsr310CodecProvider{}, JsonObjectCodecProvider{}, BsonCodecProvider{}, EnumCodecProvider{}, com.mongodb.client.model.mql.ExpressionCodecProvider@7412a438, com.mongodb.Jep395RecordCodecProvider@1e3ff233, com.mongodb.KotlinCodecProvider@3c952a33]}, loggerSettings=LoggerSettings{maxDocumentLength=1000}, clusterSettings={hosts=[localhost:27017], srvServiceName=mongodb, mode=SINGLE, requiredClusterType=UNKNOWN, requiredReplicaSetName='null', serverSelector='null', clusterListeners='[]', serverSelectionTimeout='30000 ms', localThreshold='15 ms'}, socketSettings=SocketSettings{connectTimeoutMS=10000, readTimeoutMS=0, receiveBufferSize=0, proxySettings=ProxySettings{host=null, port=null, username=null, password=null}}, heartbeatSocketSettings=SocketSettings{connectTimeoutMS=10000, readTimeoutMS=10000, receiveBufferSize=0, proxySettings=ProxySettings{host=null, port=null, username=null, password=null}}, connectionPoolSettings=ConnectionPoolSettings{maxSize=100, minSize=0, maxWaitTimeMS=120000, maxConnectionLifeTimeMS=0, maxConnectionIdleTimeMS=0, maintenanceInitialDelayMS=0, maintenanceFrequencyMS=60000, connectionPoolListeners=[], maxConnecting=2}, serverSettings=ServerSettings{heartbeatFrequencyMS=10000, minHeartbeatFrequencyMS=500, serverMonitoringMode=AUTO, serverListeners='[]', serverMonitorListeners='[]'}, sslSettings=SslSettings{enabled=false, invalidHostNameAllowed=false, context=null}, applicationName='null', compressorList=[], uuidRepresentation=JAVA_LEGACY, serverApi=null, autoEncryptionSettings=null, dnsClient=null, inetAddressResolver=null, contextProvider=null, timeoutMS=null}
| INFO |  ---   2025-08-05 13:24:19.769+05:30 --- [ cluster-ClusterId{value='6891b8abfcb86b3138982a69', description='null'}-localhost:27017 ]   [ org.mongodb.driver.cluster ] : Monitor thread successfully connected to server with description ServerDescription{address=localhost:27017, type=STANDALONE, cryptd=false, state=CONNECTED, ok=true, minWireVersion=0, maxWireVersion=25, maxDocumentSize=16777216, logicalSessionTimeoutMinutes=30, roundTripTimeNanos=23781700, minRoundTripTimeNanos=0}
| INFO |  ---   2025-08-05 13:24:20.395+05:30 --- [ main ]   [ com.vss.app.service.AdminService ] : Admin service created !
| INFO |  ---   2025-08-05 13:24:20.398+05:30 --- [ main ]   [ c.vss.app.controller.AdminController ] : AdminController created !
| INFO |  ---   2025-08-05 13:24:20.413+05:30 --- [ main ]   [ com.vss.app.service.CategoryService ] : CategoryService initialized
| INFO |  ---   2025-08-05 13:24:20.414+05:30 --- [ main ]   [ c.v.a.controller.CategoryController ] : CategoryController initialized
| INFO |  ---   2025-08-05 13:24:20.466+05:30 --- [ main ]   [ c.vss.app.service.DeliveryBoyService ] : DeliveryBoy service created !
| INFO |  ---   2025-08-05 13:24:20.467+05:30 --- [ main ]   [ c.v.a.c.DeliveryBoyController ] : DeliveryBoyController created !
| INFO |  ---   2025-08-05 13:24:20.543+05:30 --- [ main ]   [ c.v.app.controller.VendorController ] : VendorController initialized
| INFO |  ---   2025-08-05 13:24:20.546+05:30 --- [ main ]   [ com.vss.app.config.AppConfig ] : Initializing BCryptPasswordEncoder bean
| INFO |  ---   2025-08-05 13:24:20.561+05:30 --- [ main ]   [ com.vss.app.config.AppConfig ] : Initializing AuthenticationManager bean from AuthenticationConfiguration
| INFO |  ---   2025-08-05 13:24:20.607+05:30 --- [ main ]   [ o.s.s.c.a.a.c.InitializeUserDetailsBeanManagerConfigurer$InitializeUserDetailsManagerConfigurer ] : Global AuthenticationManager configured with UserDetailsService bean with name vendorDetailsService
| INFO |  ---   2025-08-05 13:24:20.620+05:30 --- [ main ]   [ com.vss.app.service.UserService ] : User service created !
| INFO |  ---   2025-08-05 13:24:20.726+05:30 --- [ main ]   [ com.vss.app.config.SecurityConfig ] : Initializing security filter chain...
| INFO |  ---   2025-08-05 13:24:20.728+05:30 --- [ main ]   [ com.vss.app.config.SecurityConfig ] : Defining CORS configuration source...
| INFO |  ---   2025-08-05 13:24:20.731+05:30 --- [ main ]   [ com.vss.app.config.SecurityConfig ] : CORS allowed origins: [http://localhost, http://localhost:80, http://localhost:3000, http://localhost:5173]
| INFO |  ---   2025-08-05 13:24:20.733+05:30 --- [ main ]   [ com.vss.app.config.SecurityConfig ] : CORS allowed methods: [GET, POST, PUT, DELETE, OPTIONS, PATCH]
| INFO |  ---   2025-08-05 13:24:20.734+05:30 --- [ main ]   [ com.vss.app.config.SecurityConfig ] : CORS configuration applied to all endpoints
| INFO |  ---   2025-08-05 13:24:20.744+05:30 --- [ main ]   [ com.vss.app.config.SecurityConfig ] : Setting security rules for HTTP requests
| INFO |  ---   2025-08-05 13:24:20.773+05:30 --- [ main ]   [ com.vss.app.config.WebConfig ] : Configuring CORS for path pattern '/api/**'
| INFO |  ---   2025-08-05 13:24:20.775+05:30 --- [ main ]   [ com.vss.app.config.WebConfig ] : CORS configuration applied: Origin=http://localhost:80, Methods=[GET, POST, PUT, DELETE, OPTIONS]
| INFO |  ---   2025-08-05 13:24:20.970+05:30 --- [ main ]   [ com.vss.app.config.SecurityConfig ] : Registering authentication entry point for exception handling
| INFO |  ---   2025-08-05 13:24:20.972+05:30 --- [ main ]   [ com.vss.app.config.SecurityConfig ] : Configuring stateless session management
| INFO |  ---   2025-08-05 13:24:20.973+05:30 --- [ main ]   [ com.vss.app.config.SecurityConfig ] : JWT authentication filter registered
| WARN |  ---   2025-08-05 13:24:21.261+05:30 --- [ main ]   [ o.s.b.w.s.c.AnnotationConfigServletWebServerApplicationContext ] : Exception encountered during context initialization - cancelling refresh attempt: org.springframework.context.ApplicationContextException: Failed to start bean 'webServerStartStop'
| INFO |  ---   2025-08-05 13:24:21.290+05:30 --- [ main ]   [ o.s.b.a.l.ConditionEvaluationReportLogger ] : 

Error starting ApplicationContext. To display the condition evaluation report re-run your application with 'debug' enabled.
| ERROR|  ---   2025-08-05 13:24:21.321+05:30 --- [ main ]   [ o.s.b.d.LoggingFailureAnalysisReporter ] : 

***************************
APPLICATION FAILED TO START
***************************

Description:

Web server failed to start. Port 8084 was already in use.

Action:

Identify and stop the process that's listening on port 8084 or configure this application to listen on another port.

